                                                                                                    	at com.android.server.wm.RootWindowContainer.checkAppTransitionReady(RootWindowContainer.java:1182)
                                                                                                    	at com.android.server.wm.RootWindowContainer.performSurfacePlacementNoTrace(RootWindowContainer.java:1022)
                                                                                                    	at com.android.server.wm.RootWindowContainer.performSurfacePlacement(RootWindowContainer.java:950)
                                                                                                    	at com.android.server.wm.WindowSurfacePlacer.performSurfacePlacementLoop(WindowSurfacePlacer.java:185)
                                                                                                    	at com.android.server.wm.WindowSurfacePlacer.performSurfacePlacement(WindowSurfacePlacer.java:134)
                                                                                                    	at com.android.server.wm.WindowSurfacePlacer.performSurfacePlacement(WindowSurfacePlacer.java:123)
                                                                                                    	at com.android.server.wm.WindowSurfacePlacer$Traverser.run(WindowSurfacePlacer.java:65)
                                                                                                    	at android.os.Handler.handleCallback(Handler.java:942)
                                                                                                    	at android.os.Handler.dispatchMessage(Handler.java:99)
                                                                                                    	at android.os.Looper.loopOnce(Looper.java:226)
                                                                                                    	at android.os.Looper.loop(Looper.java:313)
                                                                                                    	at android.os.HandlerThread.run(HandlerThread.java:67)
                                                                                                    	at com.android.server.ServiceThread.run(ServiceThread.java:44)
2025-07-10 21:50:19.387  1318-1659  WindowManager           system_server                        E  win=Window{8509842 u0 com.example.mindshield.debug/com.example.mindshield.MainActivity EXITING} destroySurfaces: appStopped=false cleanupOnResume=false win.mWindowRemovalAllowed=true win.mRemoveOnExit=true win.mViewVisibility=0 caller=com.android.server.wm.ActivityRecord.destroySurfaces:6539 com.android.server.wm.ActivityRecord.destroySurfaces:6520 com.android.server.wm.WindowState.onExitAnimationDone:5998 com.android.server.wm.ActivityRecord$$ExternalSyntheticLambda10.accept:2 java.util.ArrayList.forEach:1262 com.android.server.wm.ActivityRecord.onAnimationFinished:8607 com.android.server.wm.ActivityRecord.postApplyAnimation:6252 
2025-07-10 21:50:19.387  1318-1659  WindowManager           system_server                        I  Destroying surface Surface(name=com.example.mindshield.debug/com.example.mindshield.MainActivity$_26198)/@0x45f7b29 called by com.android.server.wm.WindowStateAnimator.destroySurface:942 com.android.server.wm.WindowStateAnimator.destroySurfaceLocked:536 com.android.server.wm.WindowState.destroySurfaceUnchecked:4309 com.android.server.wm.WindowState.destroySurface:4283 com.android.server.wm.ActivityRecord.destroySurfaces:6539 com.android.server.wm.ActivityRecord.destroySurfaces:6520 com.android.server.wm.WindowState.onExitAnimationDone:5998 com.android.server.wm.ActivityRecord$$ExternalSyntheticLambda10.accept:2 
2025-07-10 21:50:19.391  1318-1673  ActivityManager         system_server                        W  Rescheduling restart of crashed service com.example.mindshield.debug/com.example.mindshield.service.MonitoringService in 9935ms for mem-pressure-event
2025-07-10 21:50:19.400  1103-1103  Layer                   surfaceflinger                       I  id=38443 removedFromDrawingState com.example.mindshield.debug/com.example.mindshield.MainActivity$_26198#38443 (137)
2025-07-10 21:50:19.400  1103-1103  Layer                   surfaceflinger                       I  Layer [com.example.mindshield.debug/com.example.mindshield.MainActivity$_26198#38443] hidden!! flag(1)
2025-07-10 21:50:19.400  1103-1103  Layer                   surfaceflinger                       I  id=38442 removedFromDrawingState 8509842 com.example.mindshield.debug/com.example.mindshield.MainActivity#38442 (137)
2025-07-10 21:50:19.400  1103-1103  SurfaceFlinger          surfaceflinger                       I  id=38442 Removed 8509842 com.example.mindshield.debug/com.example.mindshield.MainActivity#38442 (137)
2025-07-10 21:50:19.400  1103-1103  SurfaceFlinger          surfaceflinger                       I  id=38443 Removed com.example.mindshield.debug/com.example.mindshield.MainActivity$_26198#38443 (137)
2025-07-10 21:50:19.400  1103-1103  Layer                   surfaceflinger                       I  id=38442 Destroyed 8509842 com.example.mindshield.debug/com.example.mindshield.MainActivity#38442
2025-07-10 21:50:19.401  1103-1746  SurfaceFlinger          surfaceflinger                       I  id=38440 Removed 3528879 ActivityRecordInputSink com.example.mindshield.debug/com.example.mindshield.MainActivity#38440 (134)
2025-07-10 21:50:19.402  1103-1103  Layer                   surfaceflinger                       I  id=38443 Destroyed com.example.mindshield.debug/com.example.mindshield.MainActivity$_26198#38443
2025-07-10 21:50:19.417  1103-1103  Layer                   surfaceflinger                       I  id=38434 removedFromDrawingState ActivityRecord{64f29be u0 com.example.mindshield.debug/com.example.mindshield.MainActivity} t12881}#38434 (134)
2025-07-10 21:50:19.417  1103-1103  Layer                   surfaceflinger                       I  id=38440 removedFromDrawingState 3528879 ActivityRecordInputSink com.example.mindshield.debug/com.example.mindshield.MainActivity#38440 (134)
2025-07-10 21:50:19.417  1103-1103  SurfaceFlinger          surfaceflinger                       I  id=38434 Removed ActivityRecord{64f29be u0 com.example.mindshield.debug/com.example.mindshield.MainActivity} t12881}#38434 (134)
2025-07-10 21:50:19.417  1103-1103  Layer                   surfaceflinger                       I  id=38434 Destroyed ActivityRecord{64f29be u0 com.example.mindshield.debug/com.example.mindshield.MainActivity} t12881}#38434
2025-07-10 21:50:19.417  1103-1103  Layer                   surfaceflinger                       I  id=38440 Destroyed 3528879 ActivityRecordInputSink com.example.mindshield.debug/com.example.mindshield.MainActivity#38440
2025-07-10 21:50:19.468  3189-3463  AppInfo                 com.sec.android.app.launcher         I  set ComponentInfo{com.example.mindshield.debug/com.example.mindshield.MainActivity} app progress level to 100
2025-07-10 21:50:19.483  3189-3463  SuggestedItemsFacade    com.sec.android.app.launcher         I  DPS items : MindShield, ComponentInfo{com.example.mindshield.debug/com.example.mindshield.MainActivity}
2025-07-10 21:50:19.746  1318-1658  ActivityTaskManager     system_server                        W  Activity top resumed state loss timeout for ActivityRecord{64f29be u0 com.example.mindshield.debug/com.example.mindshield.MainActivity} t-1 f}}
2025-07-10 21:50:23.708  1318-1673  ActivityManager         system_server                        W  Rescheduling restart of crashed service com.example.mindshield.debug/com.example.mindshield.service.MonitoringService in 0ms for mem-pressure-event
2025-07-10 21:50:23.727  1318-1675  ActivityManager         system_server                        I  Start proc 26297:com.example.mindshield.debug/u0a519 for service {com.example.mindshield.debug/com.example.mindshield.service.MonitoringService}
2025-07-10 21:50:23.727  1318-1675  DynamicHid...ectManager system_server                        D  [SecIpm] it's a ML_TYPE_EMPTYPROCESS protected process com.example.mindshield.debug
2025-07-10 21:50:23.743 26297-26297 indshield.debug         com.example.mindshield.debug         I  Late-enabling -Xcheck:jni
2025-07-10 21:50:23.765 26297-26297 indshield.debug         com.example.mindshield.debug         I  Using CollectorTypeCC GC.
2025-07-10 21:50:23.774 26297-26297 ActivityThread          com.example.mindshield.debug         D  setConscryptValidator
2025-07-10 21:50:23.774 26297-26297 ActivityThread          com.example.mindshield.debug         D  setConscryptValidator - put
2025-07-10 21:50:23.778  1318-2646  ActivityManager         system_server                        I  DSS OFF for com.example.mindshield.debug
2025-07-10 21:50:23.801 26297-26297 indshield.debug         com.example.mindshield.debug         W  DexFile /data/data/com.example.mindshield.debug/code_cache/.studio/instruments-07dd17c6.jar is in boot class path but is not in a known location
2025-07-10 21:50:23.808 26297-26297 indshield.debug         com.example.mindshield.debug         W  Redefining intrinsic method java.lang.Thread java.lang.Thread.currentThread(). This may cause the unexpected use of the original definition of java.lang.Thread java.lang.Thread.currentThread()in methods that have already been compiled.
2025-07-10 21:50:23.808 26297-26297 indshield.debug         com.example.mindshield.debug         W  Redefining intrinsic method boolean java.lang.Thread.interrupted(). This may cause the unexpected use of the original definition of boolean java.lang.Thread.interrupted()in methods that have already been compiled.
2025-07-10 21:50:23.810 26297-26297 Compatibil...geReporter com.example.mindshield.debug         D  Compat change id reported: 171979766; UID 10519; state: ENABLED
2025-07-10 21:50:23.820 26297-26297 ziparchive              com.example.mindshield.debug         W  Unable to open '/data/data/com.example.mindshield.debug/code_cache/.overlay/base.apk/classes9.dm': No such file or directory
2025-07-10 21:50:23.822 26297-26297 ziparchive              com.example.mindshield.debug         W  Unable to open '/data/app/~~NzLqAAYBi_oQBrcb4jV-EA==/com.example.mindshield.debug-BHnHtcOtNJGaXlTBSaCGLQ==/base.dm': No such file or directory
2025-07-10 21:50:23.822 26297-26297 ziparchive              com.example.mindshield.debug         W  Unable to open '/data/app/~~NzLqAAYBi_oQBrcb4jV-EA==/com.example.mindshield.debug-BHnHtcOtNJGaXlTBSaCGLQ==/base.dm': No such file or directory
2025-07-10 21:50:24.050 26297-26297 nativeloader            com.example.mindshield.debug         D  Configuring classloader-namespace for other apk /data/app/~~NzLqAAYBi_oQBrcb4jV-EA==/com.example.mindshield.debug-BHnHtcOtNJGaXlTBSaCGLQ==/base.apk. target_sdk_version=36, uses_libraries=, library_path=/data/app/~~NzLqAAYBi_oQBrcb4jV-EA==/com.example.mindshield.debug-BHnHtcOtNJGaXlTBSaCGLQ==/lib/arm64:/data/app/~~NzLqAAYBi_oQBrcb4jV-EA==/com.example.mindshield.debug-BHnHtcOtNJGaXlTBSaCGLQ==/base.apk!/lib/arm64-v8a, permitted_path=/data:/mnt/expand:/data/user/0/com.example.mindshield.debug
2025-07-10 21:50:24.062 26297-26297 GraphicsEnvironment     com.example.mindshield.debug         V  ANGLE Developer option for 'com.example.mindshield.debug' set to: 'default'
2025-07-10 21:50:24.062 26297-26297 GraphicsEnvironment     com.example.mindshield.debug         V  ANGLE GameManagerService for com.example.mindshield.debug: false
2025-07-10 21:50:24.063 26297-26297 GraphicsEnvironment     com.example.mindshield.debug         V  App is not on the allowlist for updatable production driver.
2025-07-10 21:50:24.067 26297-26297 NetworkSecurityConfig   com.example.mindshield.debug         D  No Network Security Config specified, using platform default
2025-07-10 21:50:24.070 26297-26318 ResourcesOffloading     com.example.mindshield.debug         W  An exception occurred :  (Ask Gemini)
                                                                                                    android.content.res.Resources$NotFoundException: Resource ID #0x7f130000
                                                                                                    	at android.content.res.ResourcesImpl.getValueForDensity(ResourcesImpl.java:251)
                                                                                                    	at android.content.res.Resources.offloadDrawable(Resources.java:2916)
                                                                                                    	at android.app.ResourcesOffloading$ResourcesOffloadingRunnable.run(ResourcesOffloading.java:94)
                                                                                                    	at java.lang.Thread.run(Thread.java:1012)
2025-07-10 21:50:24.076 26297-26297 NetworkSecurityConfig   com.example.mindshield.debug         D  No Network Security Config specified, using platform default
2025-07-10 21:50:24.248 26297-26297 MonitoringService       com.example.mindshield.debug         D  Service started
2025-07-10 21:50:24.248 26297-26297 Compatibil...geReporter com.example.mindshield.debug         D  Compat change id reported: 160794467; UID 10519; state: ENABLED
2025-07-10 21:50:24.255  2574-30668 SecFgsMana...rollerImpl com.android.systemui                 D  onForegroundStateChanged: dialogShown:false, isForeground:true, packageName:com.example.mindshield.debug , token:android.os.BinderProxy@1e9620f, userId:0
2025-07-10 21:50:24.256 26297-26321 MonitoringService       com.example.mindshield.debug         D  monitorAppUsage called
2025-07-10 21:50:24.259 26297-26321 MonitoringService       com.example.mindshield.debug         D  Current app: null
2025-07-10 21:50:24.260 26297-26321 MonitoringService       com.example.mindshield.debug         W  Fallback to AccessibilityService.lastForegroundPackage: null
2025-07-10 21:50:24.270 26297-26321 DistractionDetector     com.example.mindshield.debug         D  checkForDistractions called
2025-07-10 21:50:24.272 26297-26321 DistractionDetector     com.example.mindshield.debug         W  No current running app detected
2025-07-10 21:50:28.846  1318-1674  ApplicationPolicy       system_server                        D  isStatusBarNotificationAllowedAsUser: packageName = com.example.mindshield.debug,userId = 0
2025-07-10 21:50:28.848  1318-1674  ApplicationPolicy       system_server                        D  isStatusBarNotificationAllowedAsUser: packageName = com.example.mindshield.debug,userId = 0
2025-07-10 21:50:28.848  1318-1674  NotificationService     system_server                        E  Suppressing notification from package com.example.mindshield.debug by user request.
2025-07-10 21:50:29.276 26297-26321 MonitoringService       com.example.mindshield.debug         D  monitorAppUsage called
2025-07-10 21:50:29.281 26297-26321 MonitoringService       com.example.mindshield.debug         D  Current app: null
2025-07-10 21:50:29.282 26297-26321 MonitoringService       com.example.mindshield.debug         W  Fallback to AccessibilityService.lastForegroundPackage: null
2025-07-10 21:50:29.284 26297-26321 DistractionDetector     com.example.mindshield.debug         D  checkForDistractions called
2025-07-10 21:50:29.288 26297-26321 DistractionDetector     com.example.mindshield.debug         W  No current running app detected
2025-07-10 21:50:30.162 26297-26412 ProfileInstaller        com.example.mindshield.debug         D  Installing profile for com.example.mindshield.debug
2025-07-10 21:50:34.291 26297-26321 MonitoringService       com.example.mindshield.debug         D  monitorAppUsage called
2025-07-10 21:50:34.297 26297-26321 MonitoringService       com.example.mindshield.debug         D  Current app: null
2025-07-10 21:50:34.297 26297-26321 MonitoringService       com.example.mindshield.debug         W  Fallback to AccessibilityService.lastForegroundPackage: null
2025-07-10 21:50:34.300 26297-26321 DistractionDetector     com.example.mindshield.debug         D  checkForDistractions called
2025-07-10 21:50:34.302 26297-26321 DistractionDetector     com.example.mindshield.debug         W  No current running app detected
2025-07-10 21:50:34.326 26297-26308 System                  com.example.mindshield.debug         W  A resource failed to call close. 
2025-07-10 21:50:39.307 26297-26321 MonitoringService       com.example.mindshield.debug         D  monitorAppUsage called
2025-07-10 21:50:39.315 26297-26321 MonitoringService       com.example.mindshield.debug         D  Current app: null
2025-07-10 21:50:39.316 26297-26321 MonitoringService       com.example.mindshield.debug         W  Fallback to AccessibilityService.lastForegroundPackage: null
2025-07-10 21:50:39.320 26297-26321 DistractionDetector     com.example.mindshield.debug         D  checkForDistractions called
2025-07-10 21:50:39.324 26297-26321 DistractionDetector     com.example.mindshield.debug         W  No current running app detected
2025-07-10 21:50:44.327 26297-26321 MonitoringService       com.example.mindshield.debug         D  monitorAppUsage called
2025-07-10 21:50:44.334 26297-26321 MonitoringService       com.example.mindshield.debug         D  Current app: null
2025-07-10 21:50:44.334 26297-26321 MonitoringService       com.example.mindshield.debug         W  Fallback to AccessibilityService.lastForegroundPackage: null
2025-07-10 21:50:44.340 26297-26321 DistractionDetector     com.example.mindshield.debug         D  checkForDistractions called
2025-07-10 21:50:44.344 26297-26321 DistractionDetector     com.example.mindshield.debug         W  No current running app detected
2025-07-10 21:50:49.349 26297-26321 MonitoringService       com.example.mindshield.debug         D  monitorAppUsage called
2025-07-10 21:50:49.354 26297-26321 MonitoringService       com.example.mindshield.debug         D  Current app: null
2025-07-10 21:50:49.354 26297-26321 MonitoringService       com.example.mindshield.debug         W  Fallback to AccessibilityService.lastForegroundPackage: null
2025-07-10 21:50:49.356 26297-26321 DistractionDetector     com.example.mindshield.debug         D  checkForDistractions called
2025-07-10 21:50:49.358 26297-26321 DistractionDetector     com.example.mindshield.debug         W  No current running app detected
2025-07-10 21:50:54.362 26297-26321 MonitoringService       com.example.mindshield.debug         D  monitorAppUsage called
2025-07-10 21:50:54.369 26297-26321 MonitoringService       com.example.mindshield.debug         D  Current app: null
2025-07-10 21:50:54.369 26297-26321 MonitoringService       com.example.mindshield.debug         W  Fallback to AccessibilityService.lastForegroundPackage: null
2025-07-10 21:50:54.374 26297-26321 DistractionDetector     com.example.mindshield.debug         D  checkForDistractions called
2025-07-10 21:50:54.381 26297-26321 DistractionDetector     com.example.mindshield.debug         W  No current running app detected
2025-07-10 21:50:56.436  1103-1746  SurfaceFlinger          surfaceflinger                       I  id=38446 Removed Surface(name=8509842 com.example.mindshield.debug/com.example.mindshield.MainActivity)/@0x822c443 - animation-leash of starting_reveal#38446 (138)
2025-07-10 21:50:56.451  1103-1103  Layer                   surfaceflinger                       I  id=38446 Destroyed Surface(name=8509842 com.example.mindshield.debug/com.example.mindshield.MainActivity)/@0x822c443 - animation-leash of starting_reveal#38446
2025-07-10 21:50:59.385 26297-26321 MonitoringService       com.example.mindshield.debug         D  monitorAppUsage called
2025-07-10 21:50:59.395 26297-26321 MonitoringService       com.example.mindshield.debug         D  Current app: null
2025-07-10 21:50:59.395 26297-26321 MonitoringService       com.example.mindshield.debug         W  Fallback to AccessibilityService.lastForegroundPackage: null
2025-07-10 21:50:59.400 26297-26321 DistractionDetector     com.example.mindshield.debug         D  checkForDistractions called
2025-07-10 21:50:59.404 26297-26321 DistractionDetector     com.example.mindshield.debug         W  No current running app detected
2025-07-10 21:51:04.408 26297-26321 MonitoringService       com.example.mindshield.debug         D  monitorAppUsage called
2025-07-10 21:51:04.420 26297-26321 MonitoringService       com.example.mindshield.debug         D  Current app: null
2025-07-10 21:51:04.421 26297-26321 MonitoringService       com.example.mindshield.debug         W  Fallback to AccessibilityService.lastForegroundPackage: null
2025-07-10 21:51:04.426 26297-26321 DistractionDetector     com.example.mindshield.debug         D  checkForDistractions called
2025-07-10 21:51:04.430 26297-26321 DistractionDetector     com.example.mindshield.debug         W  No current running app detected
2025-07-10 21:51:09.434 26297-26321 MonitoringService       com.example.mindshield.debug         D  monitorAppUsage called
2025-07-10 21:51:09.440 26297-26321 MonitoringService       com.example.mindshield.debug         D  Current app: null
2025-07-10 21:51:09.440 26297-26321 MonitoringService       com.example.mindshield.debug         W  Fallback to AccessibilityService.lastForegroundPackage: null
2025-07-10 21:51:09.444 26297-26321 DistractionDetector     com.example.mindshield.debug         D  checkForDistractions called
2025-07-10 21:51:09.448 26297-26321 DistractionDetector     com.example.mindshield.debug         W  No current running app detected
2025-07-10 21:51:14.453 26297-26321 MonitoringService       com.example.mindshield.debug         D  monitorAppUsage called
2025-07-10 21:51:14.459 26297-26321 MonitoringService       com.example.mindshield.debug         D  Current app: null
2025-07-10 21:51:14.460 26297-26321 MonitoringService       com.example.mindshield.debug         W  Fallback to AccessibilityService.lastForegroundPackage: null
2025-07-10 21:51:14.464 26297-26321 DistractionDetector     com.example.mindshield.debug         D  checkForDistractions called
2025-07-10 21:51:14.468 26297-26321 DistractionDetector     com.example.mindshield.debug         W  No current running app detected
2025-07-10 21:51:19.473 26297-26321 MonitoringService       com.example.mindshield.debug         D  monitorAppUsage called
2025-07-10 21:51:19.487 26297-26321 MonitoringService       com.example.mindshield.debug         D  Current app: null
2025-07-10 21:51:19.487 26297-26321 MonitoringService       com.example.mindshield.debug         W  Fallback to AccessibilityService.lastForegroundPackage: null
2025-07-10 21:51:19.489 26297-26321 DistractionDetector     com.example.mindshield.debug         D  checkForDistractions called
2025-07-10 21:51:19.491 26297-26321 DistractionDetector     com.example.mindshield.debug         W  No current running app detected
2025-07-10 21:51:24.495 26297-26321 MonitoringService       com.example.mindshield.debug         D  monitorAppUsage called
2025-07-10 21:51:24.501 26297-26321 MonitoringService       com.example.mindshield.debug         D  Current app: null
2025-07-10 21:51:24.501 26297-26321 MonitoringService       com.example.mindshield.debug         W  Fallback to AccessibilityService.lastForegroundPackage: null
2025-07-10 21:51:24.504 26297-26321 DistractionDetector     com.example.mindshield.debug         D  checkForDistractions called
2025-07-10 21:51:24.507 26297-26321 DistractionDetector     com.example.mindshield.debug         W  No current running app detected
2025-07-10 21:51:29.511 26297-26321 MonitoringService       com.example.mindshield.debug         D  monitorAppUsage called
2025-07-10 21:51:29.528 26297-26321 MonitoringService       com.example.mindshield.debug         D  Current app: com.sec.android.app.launcher
2025-07-10 21:51:30.225 26297-26321 System.err              com.example.mindshield.debug         W  java.lang.IllegalStateException: Room cannot verify the data integrity. Looks like you've changed schema but forgot to update the version number. You can simply fix this by increasing the version number. Expected identity hash: f907d1537840cc27affe19f38a66bad4, found: b9cfb43f6fa3d5c35a8df4b52d6fc0f1
2025-07-10 21:51:30.225 26297-26321 System.err              com.example.mindshield.debug         W  	at androidx.room.RoomOpenHelper.checkIdentity(RoomOpenHelper.kt:146)
2025-07-10 21:51:30.225 26297-26321 System.err              com.example.mindshield.debug         W  	at androidx.room.RoomOpenHelper.onOpen(RoomOpenHelper.kt:127)
2025-07-10 21:51:30.225 26297-26321 System.err              com.example.mindshield.debug         W  	at androidx.sqlite.db.framework.FrameworkSQLiteOpenHelper$OpenHelper.onOpen(FrameworkSQLiteOpenHelper.kt:287)
2025-07-10 21:51:30.225 26297-26321 System.err              com.example.mindshield.debug         W  	at android.database.sqlite.SQLiteOpenHelper.getDatabaseLocked(SQLiteOpenHelper.java:527)
2025-07-10 21:51:30.225 26297-26321 System.err              com.example.mindshield.debug         W  	at android.database.sqlite.SQLiteOpenHelper.getWritableDatabase(SQLiteOpenHelper.java:413)
2025-07-10 21:51:30.225 26297-26321 System.err              com.example.mindshield.debug         W  	at androidx.sqlite.db.framework.FrameworkSQLiteOpenHelper$OpenHelper.getWritableOrReadableDatabase(FrameworkSQLiteOpenHelper.kt:232)
2025-07-10 21:51:30.225 26297-26321 System.err              com.example.mindshield.debug         W  	at androidx.sqlite.db.framework.FrameworkSQLiteOpenHelper$OpenHelper.innerGetDatabase(FrameworkSQLiteOpenHelper.kt:190)
2025-07-10 21:51:30.225 26297-26321 System.err              com.example.mindshield.debug         W  	at androidx.sqlite.db.framework.FrameworkSQLiteOpenHelper$OpenHelper.getSupportDatabase(FrameworkSQLiteOpenHelper.kt:151)
2025-07-10 21:51:30.225 26297-26321 System.err              com.example.mindshield.debug         W  	at androidx.sqlite.db.framework.FrameworkSQLiteOpenHelper.getWritableDatabase(FrameworkSQLiteOpenHelper.kt:104)
2025-07-10 21:51:30.226 26297-26321 System.err              com.example.mindshield.debug         W  	at androidx.room.RoomDatabase.internalBeginTransaction(RoomDatabase.kt:522)
2025-07-10 21:51:30.226 26297-26321 System.err              com.example.mindshield.debug         W  	at androidx.room.RoomDatabase.beginTransaction(RoomDatabase.kt:511)
2025-07-10 21:51:30.226 26297-26321 System.err              com.example.mindshield.debug         W  	at com.example.mindshield.data.local.RecentAppSessionDao_Impl$3.call(RecentAppSessionDao_Impl.java:124)
2025-07-10 21:51:30.226 26297-26321 System.err              com.example.mindshield.debug         W  	at com.example.mindshield.data.local.RecentAppSessionDao_Impl$3.call(RecentAppSessionDao_Impl.java:120)
2025-07-10 21:51:30.226 26297-26321 System.err              com.example.mindshield.debug         W  	at androidx.room.CoroutinesRoom$Companion$execute$2.invokeSuspend(CoroutinesRoom.kt:64)
2025-07-10 21:51:30.226 26297-26321 System.err              com.example.mindshield.debug         W  	at kotlin.coroutines.jvm.internal.BaseContinuationImpl.resumeWith(ContinuationImpl.kt:33)
2025-07-10 21:51:30.226 26297-26321 System.err              com.example.mindshield.debug         W  	at kotlinx.coroutines.DispatchedTask.run(DispatchedTask.kt:104)
2025-07-10 21:51:30.226 26297-26321 System.err              com.example.mindshield.debug         W  	at androidx.room.TransactionExecutor.execute$lambda$1$lambda$0(TransactionExecutor.kt:36)
2025-07-10 21:51:30.226 26297-26321 System.err              com.example.mindshield.debug         W  	at androidx.room.TransactionExecutor.$r8$lambda$FZWr2PGmP3sgXLCiri-DCcePXSs(Unknown Source:0)
2025-07-10 21:51:30.226 26297-26321 System.err              com.example.mindshield.debug         W  	at androidx.room.TransactionExecutor$$ExternalSyntheticLambda0.run(D8$$SyntheticClass:0)
2025-07-10 21:51:30.226 26297-26321 System.err              com.example.mindshield.debug         W  	at java.util.concurrent.ThreadPoolExecutor.runWorker(ThreadPoolExecutor.java:1137)
2025-07-10 21:51:30.226 26297-26321 System.err              com.example.mindshield.debug         W  	at java.util.concurrent.ThreadPoolExecutor$Worker.run(ThreadPoolExecutor.java:637)
2025-07-10 21:51:30.226 26297-26321 System.err              com.example.mindshield.debug         W  	at java.lang.Thread.run(Thread.java:1012)
2025-07-10 21:51:30.226 26297-26321 MonitoringService       com.example.mindshield.debug         D  monitorAppUsage called
2025-07-10 21:51:30.249 26297-26321 MonitoringService       com.example.mindshield.debug         D  Current app: com.sec.android.app.launcher
2025-07-10 21:51:30.782 26297-26321 System.err              com.example.mindshield.debug         W  java.lang.IllegalStateException: Room cannot verify the data integrity. Looks like you've changed schema but forgot to update the version number. You can simply fix this by increasing the version number. Expected identity hash: f907d1537840cc27affe19f38a66bad4, found: b9cfb43f6fa3d5c35a8df4b52d6fc0f1
2025-07-10 21:51:30.783 26297-26321 System.err              com.example.mindshield.debug         W  	at androidx.room.RoomOpenHelper.checkIdentity(RoomOpenHelper.kt:146)
2025-07-10 21:51:30.783 26297-26321 System.err              com.example.mindshield.debug         W  	at androidx.room.RoomOpenHelper.onOpen(RoomOpenHelper.kt:127)
2025-07-10 21:51:30.783 26297-26321 System.err              com.example.mindshield.debug         W  	at androidx.sqlite.db.framework.FrameworkSQLiteOpenHelper$OpenHelper.onOpen(FrameworkSQLiteOpenHelper.kt:287)
2025-07-10 21:51:30.783 26297-26321 System.err              com.example.mindshield.debug         W  	at android.database.sqlite.SQLiteOpenHelper.getDatabaseLocked(SQLiteOpenHelper.java:527)
2025-07-10 21:51:30.783 26297-26321 System.err              com.example.mindshield.debug         W  	at android.database.sqlite.SQLiteOpenHelper.getWritableDatabase(SQLiteOpenHelper.java:413)
2025-07-10 21:51:30.783 26297-26321 System.err              com.example.mindshield.debug         W  	at androidx.sqlite.db.framework.FrameworkSQLiteOpenHelper$OpenHelper.getWritableOrReadableDatabase(FrameworkSQLiteOpenHelper.kt:232)
2025-07-10 21:51:30.783 26297-26321 System.err              com.example.mindshield.debug         W  	at androidx.sqlite.db.framework.FrameworkSQLiteOpenHelper$OpenHelper.innerGetDatabase(FrameworkSQLiteOpenHelper.kt:190)
2025-07-10 21:51:30.783 26297-26321 System.err              com.example.mindshield.debug         W  	at androidx.sqlite.db.framework.FrameworkSQLiteOpenHelper$OpenHelper.getSupportDatabase(FrameworkSQLiteOpenHelper.kt:151)
2025-07-10 21:51:30.783 26297-26321 System.err              com.example.mindshield.debug         W  	at androidx.sqlite.db.framework.FrameworkSQLiteOpenHelper.getWritableDatabase(FrameworkSQLiteOpenHelper.kt:104)
2025-07-10 21:51:30.783 26297-26321 System.err              com.example.mindshield.debug         W  	at androidx.room.RoomDatabase.inTransaction(RoomDatabase.kt:632)
2025-07-10 21:51:30.783 26297-26321 System.err              com.example.mindshield.debug         W  	at androidx.room.RoomDatabase.assertNotSuspendingTransaction(RoomDatabase.kt:451)
2025-07-10 21:51:30.783 26297-26321 System.err              com.example.mindshield.debug         W  	at androidx.room.RoomDatabase.query(RoomDatabase.kt:480)
2025-07-10 21:51:30.784 26297-26321 System.err              com.example.mindshield.debug         W  	at androidx.room.util.DBUtil.query(DBUtil.kt:75)
2025-07-10 21:51:30.784 26297-26321 System.err              com.example.mindshield.debug         W  	at com.example.mindshield.data.local.AppUsageDao_Impl$7.call(AppUsageDao_Impl.java:255)
2025-07-10 21:51:30.784 26297-26321 System.err              com.example.mindshield.debug         W  	at com.example.mindshield.data.local.AppUsageDao_Impl$7.call(AppUsageDao_Impl.java:251)
2025-07-10 21:51:30.784 26297-26321 System.err              com.example.mindshield.debug         W  	at androidx.room.CoroutinesRoom$Companion$execute$4$job$1.invokeSuspend(CoroutinesRoom.kt:87)
2025-07-10 21:51:30.784 26297-26321 System.err              com.example.mindshield.debug         W  	at kotlin.coroutines.jvm.internal.BaseContinuationImpl.resumeWith(ContinuationImpl.kt:33)
2025-07-10 21:51:30.784 26297-26321 System.err              com.example.mindshield.debug         W  	at kotlinx.coroutines.DispatchedTask.run(DispatchedTask.kt:104)
2025-07-10 21:51:30.784 26297-26321 System.err              com.example.mindshield.debug         W  	at java.util.concurrent.ThreadPoolExecutor.runWorker(ThreadPoolExecutor.java:1137)
2025-07-10 21:51:30.784 26297-26321 System.err              com.example.mindshield.debug         W  	at java.util.concurrent.ThreadPoolExecutor$Worker.run(ThreadPoolExecutor.java:637)
2025-07-10 21:51:30.784 26297-26321 System.err              com.example.mindshield.debug         W  	at java.lang.Thread.run(Thread.java:1012)
2025-07-10 21:51:30.784 26297-26321 MonitoringService       com.example.mindshield.debug         D  monitorAppUsage called
2025-07-10 21:51:30.797 26297-26321 MonitoringService       com.example.mindshield.debug         D  Current app: com.sec.android.app.launcher
2025-07-10 21:51:31.324 26297-26321 System.err              com.example.mindshield.debug         W  java.lang.IllegalStateException: Room cannot verify the data integrity. Looks like you've changed schema but forgot to update the version number. You can simply fix this by increasing the version number. Expected identity hash: f907d1537840cc27affe19f38a66bad4, found: b9cfb43f6fa3d5c35a8df4b52d6fc0f1
2025-07-10 21:51:31.324 26297-26321 System.err              com.example.mindshield.debug         W  	at androidx.room.RoomOpenHelper.checkIdentity(RoomOpenHelper.kt:146)
2025-07-10 21:51:31.325 26297-26321 System.err              com.example.mindshield.debug         W  	at androidx.room.RoomOpenHelper.onOpen(RoomOpenHelper.kt:127)
2025-07-10 21:51:31.325 26297-26321 System.err              com.example.mindshield.debug         W  	at androidx.sqlite.db.framework.FrameworkSQLiteOpenHelper$OpenHelper.onOpen(FrameworkSQLiteOpenHelper.kt:287)
2025-07-10 21:51:31.325 26297-26321 System.err              com.example.mindshield.debug         W  	at android.database.sqlite.SQLiteOpenHelper.getDatabaseLocked(SQLiteOpenHelper.java:527)
2025-07-10 21:51:31.325 26297-26321 System.err              com.example.mindshield.debug         W  	at android.database.sqlite.SQLiteOpenHelper.getWritableDatabase(SQLiteOpenHelper.java:413)
2025-07-10 21:51:31.325 26297-26321 System.err              com.example.mindshield.debug         W  	at androidx.sqlite.db.framework.FrameworkSQLiteOpenHelper$OpenHelper.getWritableOrReadableDatabase(FrameworkSQLiteOpenHelper.kt:232)
2025-07-10 21:51:31.325 26297-26321 System.err              com.example.mindshield.debug         W  	at androidx.sqlite.db.framework.FrameworkSQLiteOpenHelper$OpenHelper.innerGetDatabase(FrameworkSQLiteOpenHelper.kt:190)
2025-07-10 21:51:31.325 26297-26321 System.err              com.example.mindshield.debug         W  	at androidx.sqlite.db.framework.FrameworkSQLiteOpenHelper$OpenHelper.getSupportDatabase(FrameworkSQLiteOpenHelper.kt:151)
2025-07-10 21:51:31.325 26297-26321 System.err              com.example.mindshield.debug         W  	at androidx.sqlite.db.framework.FrameworkSQLiteOpenHelper.getWritableDatabase(FrameworkSQLiteOpenHelper.kt:104)
2025-07-10 21:51:31.325 26297-26321 System.err              com.example.mindshield.debug         W  	at androidx.room.RoomDatabase.inTransaction(RoomDatabase.kt:632)
2025-07-10 21:51:31.325 26297-26321 System.err              com.example.mindshield.debug         W  	at androidx.room.RoomDatabase.assertNotSuspendingTransaction(RoomDatabase.kt:451)
2025-07-10 21:51:31.325 26297-26321 System.err              com.example.mindshield.debug         W  	at androidx.room.RoomDatabase.query(RoomDatabase.kt:480)
2025-07-10 21:51:31.325 26297-26321 System.err              com.example.mindshield.debug         W  	at androidx.room.util.DBUtil.query(DBUtil.kt:75)
2025-07-10 21:51:31.325 26297-26321 System.err              com.example.mindshield.debug         W  	at com.example.mindshield.data.local.AppUsageDao_Impl$7.call(AppUsageDao_Impl.java:255)
2025-07-10 21:51:31.325 26297-26321 System.err              com.example.mindshield.debug         W  	at com.example.mindshield.data.local.AppUsageDao_Impl$7.call(AppUsageDao_Impl.java:251)
2025-07-10 21:51:31.325 26297-26321 System.err              com.example.mindshield.debug         W  	at androidx.room.CoroutinesRoom$Companion$execute$4$job$1.invokeSuspend(CoroutinesRoom.kt:87)
2025-07-10 21:51:31.325 26297-26321 System.err              com.example.mindshield.debug         W  	at kotlin.coroutines.jvm.internal.BaseContinuationImpl.resumeWith(ContinuationImpl.kt:33)
2025-07-10 21:51:31.326 26297-26321 System.err              com.example.mindshield.debug         W  	at kotlinx.coroutines.DispatchedTask.run(DispatchedTask.kt:104)
2025-07-10 21:51:31.326 26297-26321 System.err              com.example.mindshield.debug         W  	at java.util.concurrent.ThreadPoolExecutor.runWorker(ThreadPoolExecutor.java:1137)
2025-07-10 21:51:31.326 26297-26321 System.err              com.example.mindshield.debug         W  	at java.util.concurrent.ThreadPoolExecutor$Worker.run(ThreadPoolExecutor.java:637)
2025-07-10 21:51:31.326 26297-26321 System.err              com.example.mindshield.debug         W  	at java.lang.Thread.run(Thread.java:1012)
2025-07-10 21:51:31.326 26297-26321 MonitoringService       com.example.mindshield.debug         D  monitorAppUsage called
2025-07-10 21:51:31.335 26297-26321 MonitoringService       com.example.mindshield.debug         D  Current app: com.sec.android.app.launcher
2025-07-10 21:51:31.866 26297-26321 System.err              com.example.mindshield.debug         W  java.lang.IllegalStateException: Room cannot verify the data integrity. Looks like you've changed schema but forgot to update the version number. You can simply fix this by increasing the version number. Expected identity hash: f907d1537840cc27affe19f38a66bad4, found: b9cfb43f6fa3d5c35a8df4b52d6fc0f1
2025-07-10 21:51:31.866 26297-26321 System.err              com.example.mindshield.debug         W  	at androidx.room.RoomOpenHelper.checkIdentity(RoomOpenHelper.kt:146)
2025-07-10 21:51:31.866 26297-26321 System.err              com.example.mindshield.debug         W  	at androidx.room.RoomOpenHelper.onOpen(RoomOpenHelper.kt:127)
2025-07-10 21:51:31.866 26297-26321 System.err              com.example.mindshield.debug         W  	at androidx.sqlite.db.framework.FrameworkSQLiteOpenHelper$OpenHelper.onOpen(FrameworkSQLiteOpenHelper.kt:287)
2025-07-10 21:51:31.866 26297-26321 System.err              com.example.mindshield.debug         W  	at android.database.sqlite.SQLiteOpenHelper.getDatabaseLocked(SQLiteOpenHelper.java:527)
2025-07-10 21:51:31.866 26297-26321 System.err              com.example.mindshield.debug         W  	at android.database.sqlite.SQLiteOpenHelper.getWritableDatabase(SQLiteOpenHelper.java:413)
2025-07-10 21:51:31.867 26297-26321 System.err              com.example.mindshield.debug         W  	at androidx.sqlite.db.framework.FrameworkSQLiteOpenHelper$OpenHelper.getWritableOrReadableDatabase(FrameworkSQLiteOpenHelper.kt:232)
2025-07-10 21:51:31.867 26297-26321 System.err              com.example.mindshield.debug         W  	at androidx.sqlite.db.framework.FrameworkSQLiteOpenHelper$OpenHelper.innerGetDatabase(FrameworkSQLiteOpenHelper.kt:190)
2025-07-10 21:51:31.867 26297-26321 System.err              com.example.mindshield.debug         W  	at androidx.sqlite.db.framework.FrameworkSQLiteOpenHelper$OpenHelper.getSupportDatabase(FrameworkSQLiteOpenHelper.kt:151)
2025-07-10 21:51:31.867 26297-26321 System.err              com.example.mindshield.debug         W  	at androidx.sqlite.db.framework.FrameworkSQLiteOpenHelper.getWritableDatabase(FrameworkSQLiteOpenHelper.kt:104)
2025-07-10 21:51:31.867 26297-26321 System.err              com.example.mindshield.debug         W  	at androidx.room.RoomDatabase.inTransaction(RoomDatabase.kt:632)
2025-07-10 21:51:31.867 26297-26321 System.err              com.example.mindshield.debug         W  	at androidx.room.RoomDatabase.assertNotSuspendingTransaction(RoomDatabase.kt:451)
2025-07-10 21:51:31.867 26297-26321 System.err              com.example.mindshield.debug         W  	at androidx.room.RoomDatabase.query(RoomDatabase.kt:480)
2025-07-10 21:51:31.867 26297-26321 System.err              com.example.mindshield.debug         W  	at androidx.room.util.DBUtil.query(DBUtil.kt:75)
2025-07-10 21:51:31.867 26297-26321 System.err              com.example.mindshield.debug         W  	at com.example.mindshield.data.local.AppUsageDao_Impl$7.call(AppUsageDao_Impl.java:255)
2025-07-10 21:51:31.867 26297-26321 System.err              com.example.mindshield.debug         W  	at com.example.mindshield.data.local.AppUsageDao_Impl$7.call(AppUsageDao_Impl.java:251)
2025-07-10 21:51:31.867 26297-26321 System.err              com.example.mindshield.debug         W  	at androidx.room.CoroutinesRoom$Companion$execute$4$job$1.invokeSuspend(CoroutinesRoom.kt:87)
2025-07-10 21:51:31.867 26297-26321 System.err              com.example.mindshield.debug         W  	at kotlin.coroutines.jvm.internal.BaseContinuationImpl.resumeWith(ContinuationImpl.kt:33)
2025-07-10 21:51:31.867 26297-26321 System.err              com.example.mindshield.debug         W  	at kotlinx.coroutines.DispatchedTask.run(DispatchedTask.kt:104)
2025-07-10 21:51:31.867 26297-26321 System.err              com.example.mindshield.debug         W  	at java.util.concurrent.ThreadPoolExecutor.runWorker(ThreadPoolExecutor.java:1137)
2025-07-10 21:51:31.867 26297-26321 System.err              com.example.mindshield.debug         W  	at java.util.concurrent.ThreadPoolExecutor$Worker.run(ThreadPoolExecutor.java:637)
2025-07-10 21:51:31.867 26297-26321 System.err              com.example.mindshield.debug         W  	at java.lang.Thread.run(Thread.java:1012)
2025-07-10 21:51:31.867 26297-26321 MonitoringService       com.example.mindshield.debug         D  monitorAppUsage called
2025-07-10 21:51:31.870 26297-26321 MonitoringService       com.example.mindshield.debug         D  Current app: null
2025-07-10 21:51:31.870 26297-26321 MonitoringService       com.example.mindshield.debug         W  Fallback to AccessibilityService.lastForegroundPackage: null
2025-07-10 21:51:31.871 26297-26321 DistractionDetector     com.example.mindshield.debug         D  checkForDistractions called
2025-07-10 21:51:31.873 26297-26321 DistractionDetector     com.example.mindshield.debug         W  No current running app detected
2025-07-10 21:51:36.874 26297-26321 MonitoringService       com.example.mindshield.debug         D  monitorAppUsage called
2025-07-10 21:51:36.878 26297-26321 MonitoringService       com.example.mindshield.debug         D  Current app: null
2025-07-10 21:51:36.878 26297-26321 MonitoringService       com.example.mindshield.debug         W  Fallback to AccessibilityService.lastForegroundPackage: null
2025-07-10 21:51:36.879 26297-26321 DistractionDetector     com.example.mindshield.debug         D  checkForDistractions called
2025-07-10 21:51:36.881 26297-26321 DistractionDetector     com.example.mindshield.debug         W  No current running app detected
2025-07-10 21:51:41.884 26297-26321 MonitoringService       com.example.mindshield.debug         D  monitorAppUsage called
2025-07-10 21:51:41.891 26297-26321 MonitoringService       com.example.mindshield.debug         D  Current app: null
2025-07-10 21:51:41.891 26297-26321 MonitoringService       com.example.mindshield.debug         W  Fallback to AccessibilityService.lastForegroundPackage: null
2025-07-10 21:51:41.894 26297-26321 DistractionDetector     com.example.mindshield.debug         D  checkForDistractions called
2025-07-10 21:51:41.897 26297-26321 DistractionDetector     com.example.mindshield.debug         W  No current running app detected
2025-07-10 21:51:46.902 26297-26321 MonitoringService       com.example.mindshield.debug         D  monitorAppUsage called
2025-07-10 21:51:46.909 26297-26321 MonitoringService       com.example.mindshield.debug         D  Current app: null
2025-07-10 21:51:46.909 26297-26321 MonitoringService       com.example.mindshield.debug         W  Fallback to AccessibilityService.lastForegroundPackage: null
2025-07-10 21:51:46.912 26297-26321 DistractionDetector     com.example.mindshield.debug         D  checkForDistractions called
2025-07-10 21:51:46.914 26297-26321 DistractionDetector     com.example.mindshield.debug         W  No current running app detected
2025-07-10 21:51:51.919 26297-26321 MonitoringService       com.example.mindshield.debug         D  monitorAppUsage called
2025-07-10 21:51:51.926 26297-26321 MonitoringService       com.example.mindshield.debug         D  Current app: null
2025-07-10 21:51:51.926 26297-26321 MonitoringService       com.example.mindshield.debug         W  Fallback to AccessibilityService.lastForegroundPackage: null
2025-07-10 21:51:51.928 26297-26321 DistractionDetector     com.example.mindshield.debug         D  checkForDistractions called
2025-07-10 21:51:51.931 26297-26321 DistractionDetector     com.example.mindshield.debug         W  No current running app detected
2025-07-10 21:51:56.935 26297-26321 MonitoringService       com.example.mindshield.debug         D  monitorAppUsage called
2025-07-10 21:51:56.942 26297-26321 MonitoringService       com.example.mindshield.debug         D  Current app: null
2025-07-10 21:51:56.942 26297-26321 MonitoringService       com.example.mindshield.debug         W  Fallback to AccessibilityService.lastForegroundPackage: null
2025-07-10 21:51:56.946 26297-26321 DistractionDetector     com.example.mindshield.debug         D  checkForDistractions called
2025-07-10 21:51:56.949 26297-26321 DistractionDetector     com.example.mindshield.debug         W  No current running app detected
2025-07-10 21:52:01.953 26297-26321 MonitoringService       com.example.mindshield.debug         D  monitorAppUsage called
2025-07-10 21:52:01.960 26297-26321 MonitoringService       com.example.mindshield.debug         D  Current app: null
2025-07-10 21:52:01.961 26297-26321 MonitoringService       com.example.mindshield.debug         W  Fallback to AccessibilityService.lastForegroundPackage: null
2025-07-10 21:52:01.966 26297-26321 DistractionDetector     com.example.mindshield.debug         D  checkForDistractions called
2025-07-10 21:52:01.970 26297-26321 DistractionDetector     com.example.mindshield.debug         W  No current running app detected
2025-07-10 21:52:06.975 26297-26321 MonitoringService       com.example.mindshield.debug         D  monitorAppUsage called
2025-07-10 21:52:06.982 26297-26321 MonitoringService       com.example.mindshield.debug         D  Current app: null
2025-07-10 21:52:06.982 26297-26321 MonitoringService       com.example.mindshield.debug         W  Fallback to AccessibilityService.lastForegroundPackage: null
2025-07-10 21:52:06.988 26297-26321 DistractionDetector     com.example.mindshield.debug         D  checkForDistractions called
2025-07-10 21:52:06.992 26297-26321 DistractionDetector     com.example.mindshield.debug         W  No current running app detected
2025-07-10 21:52:11.997 26297-26321 MonitoringService       com.example.mindshield.debug         D  monitorAppUsage called
2025-07-10 21:52:12.006 26297-26321 MonitoringService       com.example.mindshield.debug         D  Current app: null
2025-07-10 21:52:12.006 26297-26321 MonitoringService       com.example.mindshield.debug         W  Fallback to AccessibilityService.lastForegroundPackage: null
2025-07-10 21:52:12.010 26297-26321 DistractionDetector     com.example.mindshield.debug         D  checkForDistractions called
2025-07-10 21:52:12.014 26297-26321 DistractionDetector     com.example.mindshield.debug         W  No current running app detected
2025-07-10 21:52:17.018 26297-26321 MonitoringService       com.example.mindshield.debug         D  monitorAppUsage called
2025-07-10 21:52:17.023 26297-26321 MonitoringService       com.example.mindshield.debug         D  Current app: null
2025-07-10 21:52:17.024 26297-26321 MonitoringService       com.example.mindshield.debug         W  Fallback to AccessibilityService.lastForegroundPackage: null
2025-07-10 21:52:17.026 26297-26321 DistractionDetector     com.example.mindshield.debug         D  checkForDistractions called
2025-07-10 21:52:17.029 26297-26321 DistractionDetector     com.example.mindshield.debug         W  No current running app detected
2025-07-10 21:52:22.032 26297-26321 MonitoringService       com.example.mindshield.debug         D  monitorAppUsage called
2025-07-10 21:52:22.038 26297-26321 MonitoringService       com.example.mindshield.debug         D  Current app: null
2025-07-10 21:52:22.038 26297-26321 MonitoringService       com.example.mindshield.debug         W  Fallback to AccessibilityService.lastForegroundPackage: null
2025-07-10 21:52:22.043 26297-26321 DistractionDetector     com.example.mindshield.debug         D  checkForDistractions called
2025-07-10 21:52:22.047 26297-26321 DistractionDetector     com.example.mindshield.debug         W  No current running app detected
2025-07-10 21:52:27.052 26297-26321 MonitoringService       com.example.mindshield.debug         D  monitorAppUsage called
2025-07-10 21:52:27.059 26297-26321 MonitoringService       com.example.mindshield.debug         D  Current app: null
2025-07-10 21:52:27.059 26297-26321 MonitoringService       com.example.mindshield.debug         W  Fallback to AccessibilityService.lastForegroundPackage: null
2025-07-10 21:52:27.062 26297-26321 DistractionDetector     com.example.mindshield.debug         D  checkForDistractions called
