2025-07-10 21:50:18.530  1318-2685  AppsFilter              system_server                        I  interaction: PackageSetting{b336eaf com.example.mindshield.debug/10519} -> PackageSetting{60d8255 com.hungrybolo.remotemouseandroid/10510} BLOCKED
2025-07-10 21:50:18.530  1318-2685  AppsFilter              system_server                        I  interaction: PackageSetting{b336eaf com.example.mindshield.debug/10519} -> PackageSetting{434946a com.samsung.android.app.captureplugin/10466} BLOCKED
2025-07-10 21:50:18.531  1318-2685  AppsFilter              system_server                        I  interaction: PackageSetting{b336eaf com.example.mindshield.debug/10519} -> PackageSetting{6c09790 com.android.chrome/10238} BLOCKED
2025-07-10 21:50:18.531  1318-2685  AppsFilter              system_server                        I  interaction: PackageSetting{b336eaf com.example.mindshield.debug/10519} -> PackageSetting{dc8b9f8 sansunsen3.imagesearcher/10344} BLOCKED
2025-07-10 21:50:18.531  1318-2685  AppsFilter              system_server                        I  interaction: PackageSetting{b336eaf com.example.mindshield.debug/10519} -> PackageSetting{4f0eed1 com.ionicframework.apsrtclivetrack555011/10419} BLOCKED
2025-07-10 21:50:18.531  1318-2685  AppsFilter              system_server                        I  interaction: PackageSetting{b336eaf com.example.mindshield.debug/10519} -> PackageSetting{9ff8d36 com.gamovation.chessclubpilot/10267} BLOCKED
2025-07-10 21:50:18.531  1318-2685  AppsFilter              system_server                        I  interaction: PackageSetting{b336eaf com.example.mindshield.debug/10519} -> PackageSetting{c99c437 android.autoinstalls.config.samsung/10176} BLOCKED
2025-07-10 21:50:18.531  1318-2685  AppsFilter              system_server                        I  interaction: PackageSetting{b336eaf com.example.mindshield.debug/10519} -> PackageSetting{4df793b com.google.android.partnersetup/10217} BLOCKED
2025-07-10 21:50:18.531  1318-2685  AppsFilter              system_server                        I  interaction: PackageSetting{b336eaf com.example.mindshield.debug/10519} -> PackageSetting{cb7da4 com.cashfree.merchant/10380} BLOCKED
2025-07-10 21:50:18.531  1318-2685  AppsFilter              system_server                        I  interaction: PackageSetting{b336eaf com.example.mindshield.debug/10519} -> PackageSetting{7c4a70d com.google.android.overlay.gmsconfig.asi/10021} BLOCKED
2025-07-10 21:50:18.531  1318-2685  AppsFilter              system_server                        I  interaction: PackageSetting{b336eaf com.example.mindshield.debug/10519} -> PackageSetting{aaf46c2 com.google.android.overlay.gmsconfig.gsa/10008} BLOCKED
2025-07-10 21:50:18.531  1318-2685  AppsFilter              system_server                        I  interaction: PackageSetting{b336eaf com.example.mindshield.debug/10519} -> PackageSetting{3c6cd3 com.google.android.nearby.halfsheet/10253} BLOCKED
2025-07-10 21:50:18.531  1318-2685  AppsFilter              system_server                        I  interaction: PackageSetting{b336eaf com.example.mindshield.debug/10519} -> PackageSetting{114d010 com.sec.spp.push/10092} BLOCKED
2025-07-10 21:50:18.531  1318-2685  AppsFilter              system_server                        I  interaction: PackageSetting{b336eaf com.example.mindshield.debug/10519} -> PackageSetting{9a1a709 com.samsung.android.mdx.quickboard.en/10321} BLOCKED
2025-07-10 21:50:18.531  1318-2685  AppsFilter              system_server                        I  interaction: PackageSetting{b336eaf com.example.mindshield.debug/10519} -> PackageSetting{4af0d0e ai.x.grok/10493} BLOCKED
2025-07-10 21:50:18.531  1318-2685  AppsFilter              system_server                        I  interaction: PackageSetting{b336eaf com.example.mindshield.debug/10519} -> PackageSetting{b57032f nullsroyale.rel.free/10399} BLOCKED
2025-07-10 21:50:18.531  1318-2685  AppsFilter              system_server                        I  interaction: PackageSetting{b336eaf com.example.mindshield.debug/10519} -> PackageSetting{c5edd3c com.samsung.android.smartsuggestions.en/10304} BLOCKED
2025-07-10 21:50:18.531  1318-2685  AppsFilter              system_server                        I  interaction: PackageSetting{b336eaf com.example.mindshield.debug/10519} -> PackageSetting{434aac5 com.android.theme.font.notoserifsource/10013} BLOCKED
2025-07-10 21:50:18.531  1318-2685  AppsFilter              system_server                        I  interaction: PackageSetting{b336eaf com.example.mindshield.debug/10519} -> PackageSetting{fd2ec1a com.google.android.safetycenter.resources/10250} BLOCKED
2025-07-10 21:50:18.531  1318-2685  AppsFilter              system_server                        I  interaction: PackageSetting{b336eaf com.example.mindshield.debug/10519} -> PackageSetting{6daa34b com.dukaan.app/10278} BLOCKED
2025-07-10 21:50:18.531  1318-2685  AppsFilter              system_server                        I  interaction: PackageSetting{b336eaf com.example.mindshield.debug/10519} -> PackageSetting{fda9128 com.android.internal.display.cutout.emulation.waterfall/10017} BLOCKED
2025-07-10 21:50:18.531  1318-2685  AppsFilter              system_server                        I  interaction: PackageSetting{b336eaf com.example.mindshield.debug/10519} -> PackageSetting{53a2e41 com.netflix.mediaclient/10136} BLOCKED
2025-07-10 21:50:18.531  1318-2685  AppsFilter              system_server                        I  interaction: PackageSetting{b336eaf com.example.mindshield.debug/10519} -> PackageSetting{b23afe6 com.caratlane.android/10505} BLOCKED
2025-07-10 21:50:18.531  1318-2685  AppsFilter              system_server                        I  interaction: PackageSetting{b336eaf com.example.mindshield.debug/10519} -> PackageSetting{fae2927 com.google.android.connectivity.resources/10252} BLOCKED
2025-07-10 21:50:18.531  1318-2685  AppsFilter              system_server                        I  interaction: PackageSetting{b336eaf com.example.mindshield.debug/10519} -> PackageSetting{8db97d4 com.mygalaxy/10244} BLOCKED
2025-07-10 21:50:18.531  1318-2685  AppsFilter              system_server                        I  interaction: PackageSetting{b336eaf com.example.mindshield.debug/10519} -> PackageSetting{fba6d7d com.google.android.feedback/10246} BLOCKED
2025-07-10 21:50:18.531  1318-2685  AppsFilter              system_server                        I  interaction: PackageSetting{b336eaf com.example.mindshield.debug/10519} -> PackageSetting{b6ae472 com.google.android.printservice.recommendation/10188} BLOCKED
2025-07-10 21:50:18.531  1318-2685  AppsFilter              system_server                        I  interaction: PackageSetting{b336eaf com.example.mindshield.debug/10519} -> PackageSetting{4a30c3 com.xiaomi.midrop/10333} BLOCKED
2025-07-10 21:50:18.531  1318-2685  AppsFilter              system_server                        I  interaction: PackageSetting{b336eaf com.example.mindshield.debug/10519} -> PackageSetting{4445d40 com.samsung.android.mdecservice.en/10308} BLOCKED
2025-07-10 21:50:18.531  1318-2685  AppsFilter              system_server                        I  interaction: PackageSetting{b336eaf com.example.mindshield.debug/10519} -> PackageSetting{fa355e2 com.google.android.calendar/10234} BLOCKED
2025-07-10 21:50:18.531  1318-2685  AppsFilter              system_server                        I  interaction: PackageSetting{b336eaf com.example.mindshield.debug/10519} -> PackageSetting{c35e276 com.google.android.syncadapters.calendar/10234} BLOCKED
2025-07-10 21:50:18.531  1318-2685  AppsFilter              system_server                        I  interaction: PackageSetting{b336eaf com.example.mindshield.debug/10519} -> PackageSetting{5056479 com.gameloft.android.ANMP.GloftA9HM/10491} BLOCKED
2025-07-10 21:50:18.531  1318-2685  AppsFilter              system_server                        I  interaction: PackageSetting{b336eaf com.example.mindshield.debug/10519} -> PackageSetting{67ed5be com.spotify.music/10427} BLOCKED
2025-07-10 21:50:18.531  1318-2685  AppsFilter              system_server                        I  interaction: PackageSetting{b336eaf com.example.mindshield.debug/10519} -> PackageSetting{815161f com.sec.android.app.sbrowser/10287} BLOCKED
2025-07-10 21:50:18.532  1318-2685  AppsFilter              system_server                        I  interaction: PackageSetting{b336eaf com.example.mindshield.debug/10519} -> PackageSetting{8b20d6c in.makerbazar/10283} BLOCKED
2025-07-10 21:50:18.532  1318-2685  AppsFilter              system_server                        I  interaction: PackageSetting{b336eaf com.example.mindshield.debug/10519} -> PackageSetting{16ecf35 com.mventus.selfcare.activity/10361} BLOCKED
2025-07-10 21:50:18.532  1318-2685  AppsFilter              system_server                        I  interaction: PackageSetting{b336eaf com.example.mindshield.debug/10519} -> PackageSetting{74e8fca com.google.android.documentsui/10053} BLOCKED
2025-07-10 21:50:18.532  1318-2685  AppsFilter              system_server                        I  interaction: PackageSetting{b336eaf com.example.mindshield.debug/10519} -> PackageSetting{f09ed4d com.microsoft.office.officehubrow/10268} BLOCKED
2025-07-10 21:50:18.532  1318-2685  AppsFilter              system_server                        I  interaction: PackageSetting{b336eaf com.example.mindshield.debug/10519} -> PackageSetting{c7ef53b com.application.zomato/10395} BLOCKED
2025-07-10 21:50:18.532  1318-2685  AppsFilter              system_server                        I  interaction: PackageSetting{b336eaf com.example.mindshield.debug/10519} -> PackageSetting{7689458 com.sec.android.app.soundalive.en/10314} BLOCKED
2025-07-10 21:50:18.532  1318-2685  AppsFilter              system_server                        I  interaction: PackageSetting{b336eaf com.example.mindshield.debug/10519} -> PackageSetting{8ca29b1 com.android.dreams.phototable/10190} BLOCKED
2025-07-10 21:50:18.532  1318-2685  AppsFilter              system_server                        I  interaction: PackageSetting{b336eaf com.example.mindshield.debug/10519} -> PackageSetting{6adde96 com.samsung.android.rubin.app.en/10311} BLOCKED
2025-07-10 21:50:18.532  1318-2685  AppsFilter              system_server                        I  interaction: PackageSetting{b336eaf com.example.mindshield.debug/10519} -> PackageSetting{3212b9a ai.perplexity.app.android/10364} BLOCKED
2025-07-10 21:50:18.532  1318-2685  AppsFilter              system_server                        I  interaction: PackageSetting{b336eaf com.example.mindshield.debug/10519} -> PackageSetting{ffe9e04 com.google.mainline.telemetry/10228} BLOCKED
2025-07-10 21:50:18.532  1318-2685  AppsFilter              system_server                        I  interaction: PackageSetting{b336eaf com.example.mindshield.debug/10519} -> PackageSetting{ea6afed com.amazon.avod.thirdpartyclient/10476} BLOCKED
2025-07-10 21:50:18.532  1318-2685  AppsFilter              system_server                        I  interaction: PackageSetting{b336eaf com.example.mindshield.debug/10519} -> PackageSetting{4e14e22 com.bt.bms/10405} BLOCKED
2025-07-10 21:50:18.532  1318-2685  AppsFilter              system_server                        I  interaction: PackageSetting{b336eaf com.example.mindshield.debug/10519} -> PackageSetting{a08d0b3 com.samsung.themedesigner.OV9fd0b518.keyboard.honeyboard/10470} BLOCKED
2025-07-10 21:50:18.532  1318-2685  AppsFilter              system_server                        I  interaction: PackageSetting{b336eaf com.example.mindshield.debug/10519} -> PackageSetting{2c99670 Hastamev.ReHastamevtroRoadw.com.wallpaperpack/10346} BLOCKED
2025-07-10 21:50:18.532  1318-2685  AppsFilter              system_server                        I  interaction: PackageSetting{b336eaf com.example.mindshield.debug/10519} -> PackageSetting{64b5de9 com.samsung.android.game.gamelab/10421} BLOCKED
2025-07-10 21:50:18.532  1318-2685  AppsFilter              system_server                        I  interaction: PackageSetting{b336eaf com.example.mindshield.debug/10519} -> PackageSetting{fea2a6e com.android.providers.partnerbookmarks/10147} BLOCKED
2025-07-10 21:50:18.532  1318-2685  AppsFilter              system_server                        I  interaction: PackageSetting{b336eaf com.example.mindshield.debug/10519} -> PackageSetting{eb5c50f com.samsung.android.game.gametools.en/10307} BLOCKED
2025-07-10 21:50:18.532  1318-2685  AppsFilter              system_server                        I  interaction: PackageSetting{b336eaf com.example.mindshield.debug/10519} -> PackageSetting{e09a99c com.samsung.internal.systemui.navbar.gestural_no_hint/10002} BLOCKED
2025-07-10 21:50:18.532  1318-2685  AppsFilter              system_server                        I  interaction: PackageSetting{b336eaf com.example.mindshield.debug/10519} -> PackageSetting{672efa5 com.google.mainline.adservices/10230} BLOCKED
2025-07-10 21:50:18.532  1318-2685  AppsFilter              system_server                        I  interaction: PackageSetting{b336eaf com.example.mindshield.debug/10519} -> PackageSetting{2927f7a com.Shooter.ModernWarships/10511} BLOCKED
2025-07-10 21:50:18.532  1318-2685  AppsFilter              system_server                        I  interaction: PackageSetting{b336eaf com.example.mindshield.debug/10519} -> PackageSetting{d93a32b com.facebook.system/10059} BLOCKED
2025-07-10 21:50:18.532  1318-2685  AppsFilter              system_server                        I  interaction: PackageSetting{b336eaf com.example.mindshield.debug/10519} -> PackageSetting{1d5c388 com.samsung.android.oneconnect/10411} BLOCKED
2025-07-10 21:50:18.532  1318-2685  AppsFilter              system_server                        I  interaction: PackageSetting{b336eaf com.example.mindshield.debug/10519} -> PackageSetting{cc7e121 com.sec.android.app.popupcalculator/10273} BLOCKED
2025-07-10 21:50:18.532  1318-2685  AppsFilter              system_server                        I  interaction: PackageSetting{b336eaf com.example.mindshield.debug/10519} -> PackageSetting{8391946 com.sec.android.easyMover.Agent.en/10306} BLOCKED
2025-07-10 21:50:18.532  1318-2685  AppsFilter              system_server                        I  interaction: PackageSetting{b336eaf com.example.mindshield.debug/10519} -> PackageSetting{b829d73 org.mozilla.firefox/10506} BLOCKED
2025-07-10 21:50:18.532  1318-2685  AppsFilter              system_server                        I  interaction: PackageSetting{b336eaf com.example.mindshield.debug/10519} -> PackageSetting{8274707 com.samsung.android.voc/10270} BLOCKED
2025-07-10 21:50:18.532  1318-2685  AppsFilter              system_server                        I  interaction: PackageSetting{b336eaf com.example.mindshield.debug/10519} -> PackageSetting{6c79034 com.samsung.android.aremoji.en/10298} BLOCKED
2025-07-10 21:50:18.532  1318-2685  AppsFilter              system_server                        I  interaction: PackageSetting{b336eaf com.example.mindshield.debug/10519} -> PackageSetting{d206e5d com.samsung.android.samsungsure/10324} BLOCKED
2025-07-10 21:50:18.533  1318-2685  AppsFilter              system_server                        I  interaction: PackageSetting{b336eaf com.example.mindshield.debug/10519} -> PackageSetting{15d83d2 com.samsung.android.app.notes.addons/10275} BLOCKED
2025-07-10 21:50:18.533  1318-2685  AppsFilter              system_server                        I  interaction: PackageSetting{b336eaf com.example.mindshield.debug/10519} -> PackageSetting{9674ca3 com.android.bookmarkprovider/10144} BLOCKED
2025-07-10 21:50:18.533  1318-2685  AppsFilter              system_server                        I  interaction: PackageSetting{b336eaf com.example.mindshield.debug/10519} -> PackageSetting{3677ba0 com.linkedin.android/10458} BLOCKED
2025-07-10 21:50:18.533  1318-2685  AppsFilter              system_server                        I  interaction: PackageSetting{b336eaf com.example.mindshield.debug/10519} -> PackageSetting{87a9359 com.google.android.apps.nbu.paisa.user/10358} BLOCKED
2025-07-10 21:50:18.533  1318-2685  AppsFilter              system_server                        I  interaction: PackageSetting{b336eaf com.example.mindshield.debug/10519} -> PackageSetting{4ec0b1e com.samsung.android.messaging.en/10299} BLOCKED
2025-07-10 21:50:18.533  1318-2685  AppsFilter              system_server                        I  interaction: PackageSetting{b336eaf com.example.mindshield.debug/10519} -> PackageSetting{b180fff com.samsung.android.app.notes/10272} BLOCKED
2025-07-10 21:50:18.533  1318-2685  AppsFilter              system_server                        I  interaction: PackageSetting{b336eaf com.example.mindshield.debug/10519} -> PackageSetting{c58b1cc com.myntra.android/10388} BLOCKED
2025-07-10 21:50:18.533  1318-2685  AppsFilter              system_server                        I  interaction: PackageSetting{b336eaf com.example.mindshield.debug/10519} -> PackageSetting{53916e0 com.google.android.projection.gearhead/10222} BLOCKED
2025-07-10 21:50:18.533  1318-2685  AppsFilter              system_server                        I  interaction: PackageSetting{b336eaf com.example.mindshield.debug/10519} -> PackageSetting{7b80c15 com.google.android.apps.turbo/10216} BLOCKED
2025-07-10 21:50:18.533  1318-2685  AppsFilter              system_server                        I  interaction: PackageSetting{b336eaf com.example.mindshield.debug/10519} -> PackageSetting{a49bb2a com.google.android.safetycore/10457} BLOCKED
2025-07-10 21:50:18.533  1318-2685  AppsFilter              system_server                        I  interaction: PackageSetting{b336eaf com.example.mindshield.debug/10519} -> PackageSetting{8dd43f com.android.cts.ctsshim/10255} BLOCKED
2025-07-10 21:50:18.533  1318-2685  AppsFilter              system_server                        I  interaction: PackageSetting{b336eaf com.example.mindshield.debug/10519} -> PackageSetting{4e7ad1b com.crrepa.band.dafit/10496} BLOCKED
2025-07-10 21:50:18.533  1318-2685  AppsFilter              system_server                        I  interaction: PackageSetting{b336eaf com.example.mindshield.debug/10519} -> PackageSetting{5ec7c6a com.samsung.android.svoiceime/10091} BLOCKED
2025-07-10 21:50:18.533  1318-2685  AppsFilter              system_server                        I  interaction: PackageSetting{b336eaf com.example.mindshield.debug/10519} -> PackageSetting{b451eb8 com.authenticator.app.starnest/10336} BLOCKED
2025-07-10 21:50:18.533  1318-2685  AppsFilter              system_server                        I  interaction: PackageSetting{b336eaf com.example.mindshield.debug/10519} -> PackageSetting{61a5491 com.x9studio.VWP_089.wallpapervideo/10240} BLOCKED
2025-07-10 21:50:18.533  1318-2685  AppsFilter              system_server                        I  interaction: PackageSetting{b336eaf com.example.mindshield.debug/10519} -> PackageSetting{8205ff6 com.iexceed.appzillon.ippbMB/10479} BLOCKED
2025-07-10 21:50:18.534  1318-2685  AppsFilter              system_server                        I  interaction: PackageSetting{b336eaf com.example.mindshield.debug/10519} -> PackageSetting{149fff7 com.gov.ssc/10461} BLOCKED
2025-07-10 21:50:18.534  1318-2685  AppsFilter              system_server                        I  interaction: PackageSetting{b336eaf com.example.mindshield.debug/10519} -> PackageSetting{8896e64 com.hiya.star/10135} BLOCKED
2025-07-10 21:50:18.534  1318-2685  AppsFilter              system_server                        I  interaction: PackageSetting{b336eaf com.example.mindshield.debug/10519} -> PackageSetting{77ea8cd com.google.android.overlay.modules.cellbroadcastservice/10025} BLOCKED
2025-07-10 21:50:18.534  1318-2685  AppsFilter              system_server                        I  interaction: PackageSetting{b336eaf com.example.mindshield.debug/10519} -> PackageSetting{3ea8582 com.samsung.android.app.cocktailbarservice.en/10323} BLOCKED
2025-07-10 21:50:18.534  1318-2685  AppsFilter              system_server                        I  interaction: PackageSetting{b336eaf com.example.mindshield.debug/10519} -> PackageSetting{25788f0 com.google.android.apps.carrier.carrierwifi/10218} BLOCKED
2025-07-10 21:50:18.534  1318-2685  AppsFilter              system_server                        I  interaction: PackageSetting{b336eaf com.example.mindshield.debug/10519} -> PackageSetting{414a493 com.StefMorojna.SpaceflightSimulator/10398} BLOCKED
2025-07-10 21:50:18.534  1318-2685  AppsFilter              system_server                        I  interaction: PackageSetting{b336eaf com.example.mindshield.debug/10519} -> PackageSetting{3a10cd0 in.swiggy.android/10502} BLOCKED
2025-07-10 21:50:18.534  1318-2685  AppsFilter              system_server                        I  interaction: PackageSetting{b336eaf com.example.mindshield.debug/10519} -> PackageSetting{65a04c9 com.rsupport.rs.activity.rsupport.aas2/10326} BLOCKED
2025-07-10 21:50:18.534  1318-2685  AppsFilter              system_server                        I  interaction: PackageSetting{b336eaf com.example.mindshield.debug/10519} -> PackageSetting{e3f77ce com.google.android.gms.location.history/10235} BLOCKED
2025-07-10 21:50:18.534  1318-2685  AppsFilter              system_server                        I  interaction: PackageSetting{b336eaf com.example.mindshield.debug/10519} -> PackageSetting{edaf6ef com.android.internal.systemui.navbar.gestural/10019} BLOCKED
2025-07-10 21:50:18.534  1318-2685  AppsFilter              system_server                        I  interaction: PackageSetting{b336eaf com.example.mindshield.debug/10519} -> PackageSetting{65225fc com.sec.android.dexsystemui.en/10316} BLOCKED
2025-07-10 21:50:18.534  1318-2685  AppsFilter              system_server                        I  interaction: PackageSetting{b336eaf com.example.mindshield.debug/10519} -> PackageSetting{5752485 com.android.bluetoothmidiservice/10177} BLOCKED
2025-07-10 21:50:18.534  1318-2685  AppsFilter              system_server                        I  interaction: PackageSetting{b336eaf com.example.mindshield.debug/10519} -> PackageSetting{7df42da com.sec.android.app.desktoplauncher.en/10288} BLOCKED
2025-07-10 21:50:18.534  1318-2685  AppsFilter              system_server                        I  interaction: PackageSetting{b336eaf com.example.mindshield.debug/10519} -> PackageSetting{f0a130b com.facebook.appmanager/10172} BLOCKED
2025-07-10 21:50:18.534  1318-2685  AppsFilter              system_server                        I  interaction: PackageSetting{b336eaf com.example.mindshield.debug/10519} -> PackageSetting{e99a5e8 minimalistinc.android.app/10372} BLOCKED
2025-07-10 21:50:18.534  1318-2685  AppsFilter              system_server                        I  interaction: PackageSetting{b336eaf com.example.mindshield.debug/10519} -> PackageSetting{1688401 com.google.android.cellbroadcastreceiver/10257} BLOCKED
2025-07-10 21:50:18.534  1318-2685  AppsFilter              system_server                        I  interaction: PackageSetting{b336eaf com.example.mindshield.debug/10519} -> PackageSetting{b7eb2a6 android.auto_generated_rro_product__/10015} BLOCKED
2025-07-10 21:50:18.534  1318-2685  AppsFilter              system_server                        I  interaction: PackageSetting{b336eaf com.example.mindshield.debug/10519} -> PackageSetting{1c4d4e7 notion.id/10429} BLOCKED
2025-07-10 21:50:18.534  1318-2685  AppsFilter              system_server                        I  interaction: PackageSetting{b336eaf com.example.mindshield.debug/10519} -> PackageSetting{b573894 org.chromium.webapk.aba58b33e432a0f11_v2/10378} BLOCKED
2025-07-10 21:50:18.534  1318-2685  AppsFilter              system_server                        I  interaction: PackageSetting{b336eaf com.example.mindshield.debug/10519} -> PackageSetting{dd85f3d com.sec.android.desktopmode.uiservice.en/10317} BLOCKED
2025-07-10 21:50:18.535  1318-2685  AppsFilter              system_server                        I  interaction: PackageSetting{b336eaf com.example.mindshield.debug/10519} -> PackageSetting{f7e73eb com.romreviewer.bombitup/10412} BLOCKED
2025-07-10 21:50:18.535  1318-2685  AppsFilter              system_server                        I  interaction: PackageSetting{b336eaf com.example.mindshield.debug/10519} -> PackageSetting{8535332 com.sec.android.widgetapp.webmanual/10193} BLOCKED
2025-07-10 21:50:18.535  1318-2685  AppsFilter              system_server                        I  interaction: PackageSetting{b336eaf com.example.mindshield.debug/10519} -> PackageSetting{97fd883 com.sec.android.app.safetyassurance.en/10302} BLOCKED
2025-07-10 21:50:18.535  1318-2685  AppsFilter              system_server                        I  interaction: PackageSetting{b336eaf com.example.mindshield.debug/10519} -> PackageSetting{7b94a00 com.samsung.android.appseparation.en/10290} BLOCKED
2025-07-10 21:50:18.535  1318-2685  AppsFilter              system_server                        I  interaction: PackageSetting{b336eaf com.example.mindshield.debug/10519} -> PackageSetting{a70b239 com.android.internal.systemui.navbar.gestural_narrow_back/10014} BLOCKED
2025-07-10 21:50:18.535  1318-2685  AppsFilter              system_server                        I  interaction: PackageSetting{b336eaf com.example.mindshield.debug/10519} -> PackageSetting{95f707e com.canva.editor/10422} BLOCKED
2025-07-10 21:50:18.535  1318-2685  AppsFilter              system_server                        I  interaction: PackageSetting{b336eaf com.example.mindshield.debug/10519} -> PackageSetting{15d79df cn.wps.moffice_eng/10434} BLOCKED
2025-07-10 21:50:18.535  1318-2685  AppsFilter              system_server                        I  interaction: PackageSetting{b336eaf com.example.mindshield.debug/10519} -> PackageSetting{3b757dc com.microsoft.teams/10423} BLOCKED
2025-07-10 21:50:18.535  1318-2685  AppsFilter              system_server                        I  interaction: PackageSetting{b336eaf com.example.mindshield.debug/10519} -> PackageSetting{169062c com.meesho.supply/10385} BLOCKED
2025-07-10 21:50:18.535  1318-2685  AppsFilter              system_server                        I  interaction: PackageSetting{b336eaf com.example.mindshield.debug/10519} -> PackageSetting{ba138f5 sun.way2sms.hyd.com/10402} BLOCKED
2025-07-10 21:50:18.535  1318-2685  AppsFilter              system_server                        I  interaction: PackageSetting{b336eaf com.example.mindshield.debug/10519} -> PackageSetting{57e168a com.samsung.android.game.gameboosterplus/10420} BLOCKED
2025-07-10 21:50:18.535  1318-2685  AppsFilter              system_server                        I  interaction: PackageSetting{b336eaf com.example.mindshield.debug/10519} -> PackageSetting{a49d4fb android.auto_generated_rro_vendor__/10032} BLOCKED
2025-07-10 21:50:18.535  1318-2685  AppsFilter              system_server                        I  interaction: PackageSetting{b336eaf com.example.mindshield.debug/10519} -> PackageSetting{5765918 com.google.android.apps.restore/10220} BLOCKED
2025-07-10 21:50:18.707  1318-2685  WindowManager           system_server                        V  Relayout Window{8509842 u0 com.example.mindshield.debug/com.example.mindshield.MainActivity}: viewVisibility=0 req=1080x2400 d0
2025-07-10 21:50:18.707  1103-1175  SurfaceFlinger          surfaceflinger                       I  id=38443 createSurf, flag=40004, com.example.mindshield.debug/com.example.mindshield.MainActivity$_26198#38443
2025-07-10 21:50:18.708  1318-2685  WindowManager           system_server                        D  makeSurface duration=1 name=com.example.mindshield.debug/com.example.mindshield.MainActivity$_26198
2025-07-10 21:50:18.709  1318-2685  WindowManager           system_server                        V  Changing focus from null to Window{8509842 u0 com.example.mindshield.debug/com.example.mindshield.MainActivity} displayId=0 Callers=com.android.server.wm.RootWindowContainer.updateFocusedWindowLocked:595 com.android.server.wm.WindowManagerService.updateFocusedWindowLocked:6810 com.android.server.wm.WindowManagerService.relayoutWindow:2820 com.android.server.wm.Session.relayout:274 
2025-07-10 21:50:18.709  1318-2685  MARsPolicyManager       system_server                        D  onPackageResumedFG pkgName = com.example.mindshield.debug, userId = 0
2025-07-10 21:50:18.711  1318-2685  WindowManager           system_server                        D  updateSystemBarAttributes: displayId=0, win=Window{8509842 u0 com.example.mindshield.debug/com.example.mindshield.MainActivity}, navColorWin=Window{a5dee17 u0 Splash Screen com.example.mindshield.debug}, focusedCanBeNavColorWin=false, behavior=1, appearance=16, statusBarAppearanceRegions=[AppearanceRegion{LIGHT_STATUS_BARS bounds=[0,0][1080,2400]}], requestedVisibilities=, from=com.android.server.wm.DisplayPolicy.focusChangedLw:3247 com.android.server.wm.DisplayContent.updateFocusedWindowLocked:4632 com.android.server.wm.RootWindowContainer.updateFocusedWindowLocked:595 
2025-07-10 21:50:18.711  2574-2574  SamsungLig...trolHelper com.android.systemui                 D  onStatusBarAppearanceChanged() -  sbModeChanged:false, statusBarMode:MODE_TRANSPARENT, barState:SHADE, isKeyguardShowing:false, navbarColorManagedByIme:false, stackAppearancesChanged:true, (AppearanceRegion{LIGHT_STATUS_BARS bounds=[0,0][1080,2400]}, ), packageName:com.example.mindshield.debug
2025-07-10 21:50:18.711  2574-2574  NavigationBar           com.android.systemui                 D  onSystemBarAttributesChanged() -  displayId:0, appearance:16, packageName: com.example.mindshield.debug (APPEARANCE_LIGHT_NAVIGATION_BARS ), navbarColorManagedByIme:false
2025-07-10 21:50:18.712  2574-2574  SamsungLig...trolHelper com.android.systemui                 D  updateStatus(BLACK icon) NumStacks:1, StatusBarMode:MODE_TRANSPARENT, lightBarBounds:[Rect(0, 0 - 1080, 2400)], StatusBarState:SHADE, packageName:com.example.mindshield.debug, isWhiteKeyguardStatusBarBySettings:false
2025-07-10 21:50:18.737  1103-1103  SurfaceFlinger          surfaceflinger                       I  [8509842 com.example.mindshield.debug/com.example.mindshield.MainActivity#38442] FrameRatePriority: 1
2025-07-10 21:50:18.739  1318-2685  InputDispatcher         system_server                        D  Focus request (0): 8509842 com.example.mindshield.debug/com.example.mindshield.MainActivity but waiting because NOT_VISIBLE
2025-07-10 21:50:18.811  1318-3193  WindowManager           system_server                        D  finishDrawingWindow: Window{8509842 u0 com.example.mindshield.debug/com.example.mindshield.MainActivity} mDrawState=DRAW_PENDING seqId=0
2025-07-10 21:50:18.813  1318-1659  WindowManager           system_server                        V  Finish starting ActivityRecord{64f29be u0 com.example.mindshield.debug/com.example.mindshield.MainActivity} t12881}: first real window is shown, no animation
2025-07-10 21:50:18.813  1318-1659  WindowManager           system_server                        V  Schedule remove starting ActivityRecord{64f29be u0 com.example.mindshield.debug/com.example.mindshield.MainActivity} t12881} startingWindow=null startingView=null Callers=com.android.server.wm.ActivityRecord.removeStartingWindow:3233 com.android.server.wm.ActivityRecord.onFirstWindowDrawn:7460 com.android.server.wm.WindowState.performShowLocked:5502 com.android.server.wm.WindowStateAnimator.commitFinishDrawingLocked:351 com.android.server.wm.DisplayContent.lambda$new$8:1189 
2025-07-10 21:50:18.813  1318-1655  ziparchive              system_server                        W  Unable to open '/data/app/~~NzLqAAYBi_oQBrcb4jV-EA==/com.example.mindshield.debug-BHnHtcOtNJGaXlTBSaCGLQ==/base.dm': No such file or directory
2025-07-10 21:50:18.814  1318-1655  PkgPredict...erviceImpl system_server                        I  reportToNAP uid:10519 com.example.mindshield.debug/com.example.mindshield.MainActivity thisTime:1090
2025-07-10 21:50:18.815  1318-1659  WindowManager           system_server                        V  performShowLocked: mDrawState=HAS_DRAWN in Window{8509842 u0 com.example.mindshield.debug/com.example.mindshield.MainActivity}
2025-07-10 21:50:18.817  1318-1659  TaskOrganizerController system_server                        D  applyStartingWindowAnimation, window=Window{8509842 u0 com.example.mindshield.debug/com.example.mindshield.MainActivity}, caller=com.android.server.wm.TaskOrganizerController.removeStartingWindow:573 com.android.server.wm.StartingSurfaceController$StartingSurface.remove:287 com.android.server.wm.ActivityRecord.lambda$removeStartingWindowAnimation$6:3295 
2025-07-10 21:50:18.817  1318-1659  WindowManager           system_server                        I  Reparenting to leash, surface=Surface(name=8509842 com.example.mindshield.debug/com.example.mindshield.MainActivity)/@0x822c443, leashParent=Surface(name=ActivityRecord{64f29be u0 com.example.mindshield.debug/com.example.mindshield.MainActivity} t12881})/@0xd6c2ac0
2025-07-10 21:50:18.817  1103-1820  SurfaceFlinger          surfaceflinger                       I  id=38446 createSurf, flag=24000, Surface(name=8509842 com.example.mindshield.debug/com.example.mindshield.MainActivity)/@0x822c443 - animation-leash of starting_reveal#38446
2025-07-10 21:50:18.817  1318-1659  WindowManager           system_server                        D  makeSurface duration=1 leash=Surface(name=Surface(name=8509842 com.example.mindshield.debug/com.example.mindshield.MainActivity)/@0x822c443 - animation-leash of starting_reveal)/@0x3a3619f
2025-07-10 21:50:18.822  1318-5672  InputDispatcher         system_server                        D  Focus entered window (0): 8509842 com.example.mindshield.debug/com.example.mindshield.MainActivity
2025-07-10 21:50:18.823  1318-1655  ActivityTaskManager     system_server                        I  Displayed com.example.mindshield.debug/com.example.mindshield.MainActivity: +1s90ms
2025-07-10 21:50:18.823  1318-1655  Pageboost               system_server                        I  Launch time gathered : pid 26198 com.example.mindshield.debug 1090
2025-07-10 21:50:18.824  1318-1659  ActivityTaskManager     system_server                        D  mStartingWindow and mStartingData is null for token=ActivityRecord{64f29be u0 com.example.mindshield.debug/com.example.mindshield.MainActivity} t12881}
2025-07-10 21:50:18.831  1103-1103  SurfaceFlinger          surfaceflinger                       D  Display 4630947232161729153 HWC layers:
                                                                                                         DEVICE | 0xb400007d8ad3c3c0 | 0102 | RGBA_8888    |    0.0    0.0 1080.0 2400.0 |    0    0 1080 2400 | com.example.mindshield.debug/com.example.mindshield.MainActivity$_26198#38443
                                                                                                         DEVICE | 0xb400007d819ae100 | 0100 | RGBA_8888    |    0.0    0.0 1080.0 2400.0 |    0    0 1080 2400 | Splash Screen com.example.mindshield.debug$_2574#38436
                                                                                                         DEVICE | 0xb400007d819af9f0 | 0100 | RGBA_8888    |    0.0    0.0 1080.0   88.0 |    0    0 1080   88 | StatusBar$_2574#100
                                                                                                         DEVICE | 0xb400007d819ab460 | 0100 | RGBA_8888    |    0.0    0.0   67.0  342.0 |    0 1953   67 2295 | com.samsung.android.app.cocktailbars[...]rvice.CocktailBarService$_7662#38432
                                                                                                         DEVICE | 0xb400007d98217770 | 0100 | RGBA_8888    |    0.0    0.0 1080.0  144.0 |    0 2256 1080 2400 | NavigationBar0$_2574#95
                                                                                                         DEVICE | 0xb400007d819ad610 | 0140 | RGBA_8888    |    0.0    0.0 1080.0  112.0 |    0    0 1080  112 | ScreenDecorOverlay$_2574#109
                                                                                                         DEVICE | 0xb400007d819adae0 | 0140 | RGB
2025-07-10 21:50:18.835  2574-2698  SecFgsMana...rollerImpl com.android.systemui                 D  onForegroundStateChanged: dialogShown:false, isForeground:true, packageName:com.example.mindshield.debug , token:android.os.BinderProxy@1e9620f, userId:0
2025-07-10 21:50:18.840  1318-1344  WindowManager           system_server                        V  Relayout Window{a5dee17 u0 Splash Screen com.example.mindshield.debug}: viewVisibility=0 req=1080x2400 d0
2025-07-10 21:50:18.840 26198-26240 MonitoringService       pid-26198                            D  Current app: com.example.mindshield.debug
2025-07-10 21:50:18.840  1318-1344  WindowManager           system_server                        D  updateSystemBarAttributes: displayId=0, win=Window{8509842 u0 com.example.mindshield.debug/com.example.mindshield.MainActivity}, navColorWin=Window{a5dee17 u0 Splash Screen com.example.mindshield.debug}, focusedCanBeNavColorWin=false, behavior=1, appearance=0, statusBarAppearanceRegions=[AppearanceRegion{ bounds=[0,0][1080,2400]}], requestedVisibilities=, from=com.android.server.wm.DisplayPolicy.finishPostLayoutPolicyLw:2527 com.android.server.wm.DisplayContent.applySurfaceChangesTransaction:5713 com.android.server.wm.RootWindowContainer.applySurfaceChangesTransaction:1234 
2025-07-10 21:50:18.842  2574-2633  InsetsController        com.android.systemui                 D  onStateChanged: InsetsState: {mDisplayFrame=Rect(0, 0 - 1080, 2400), mDisplayCutout=DisplayCutout{insets=Rect(0, 88 - 0, 0) waterfall=Insets{left=0, top=0, right=0, bottom=0} boundingRect={Bounds=[Rect(0, 0 - 0, 0), Rect(512, 0 - 568, 88), Rect(0, 0 - 0, 0), Rect(0, 0 - 0, 0)]} cutoutPathParserInfo={CutoutPathParserInfo{displayWidth=1080 displayHeight=2400 physicalDisplayWidth=1080 physicalDisplayHeight=2400 density={3.0} cutoutSpec={M 0,0 M 0,10.71963616907435 a 9.280363830925644,9.280363830925644 0 1,0 0,18.56072766185129 a 9.280363830925644,9.280363830925644 0 1,0 0,-18.56072766185129 Z @dp} rotation={0} scale={1.0} physicalPixelDisplaySizeRatio={1.0}}}}, mRoundedCorners=RoundedCorners{[RoundedCorner{position=TopLeft, radius=96, center=Point(96, 96)}, RoundedCorner{position=TopRight, radius=96, center=Point(984, 96)}, RoundedCorner{position=BottomRight, radius=96, center=Point(984, 2304)}, RoundedCorner{position=BottomLeft, radius=96, center=Point(96, 2304)}]}  mRoundedCornerFrame=Rect(0, 0 - 1080, 2400), mPrivacyIndicatorBounds=PrivacyIndicatorBounds {static bounds=Rect(948, 0 - 1080, 88) rotation=0}, mSources= { InsetsSource: {mType=ITYPE_STATUS_BAR, mFrame=[0,0][1080,88], mVisible=true, mInsetsRoundedCornerFrame=false}, InsetsSource: {mType=ITYPE_NAVIGATION_BAR, mFrame=[0,2355][1080,2400], mVisible=true, mInsetsRoundedCornerFrame=false}, InsetsSource: {mType=ITYPE_LEFT_GESTURES, mFrame=[0,0][90,2400], mVisible=true, mInsetsRoundedCornerFrame=false}, InsetsSource: {mType=ITYPE_RIGHT_GESTURES, mFrame=[990,0][1080,2400], mVisible=true, mInsetsRoundedCornerFrame=false}, InsetsSource: {mType=ITYPE_TOP_MANDATORY_GESTURES, mFrame=[0,0][1080,124], mVisible=true, mInsetsRoundedCornerFrame=false}, InsetsSource: {mType=ITYPE_BOTTOM_MANDATORY_GESTURES, mFrame=[0,2304][1080,2400], mVisible=true, mInsetsRoundedCornerFrame=false}, InsetsSource: {mType=ITYPE_LEFT_DISPLAY_CUTOUT, mFrame=[0,0][-100000,2400], mVisible=true, mInsetsRoundedCornerFrame=false}, InsetsSource: {mType=ITYPE_TOP_DISPLAY_CUTOUT, mFrame=[0,0][1080,88], mVisible=true, mInsetsRoundedCornerFrame=false}, InsetsSource: {mType=ITYPE_RIGHT_DISPLAY_CUTOUT, mFrame=[100000,0][1080,2400], mVisible=true, mInsetsRoundedCornerFrame=false}, InsetsSource: {mType=ITYPE_BOTTOM_DISPLAY_CUTOUT, mFrame=[0,100000][1080,2400], mVisible=true, mInsetsRoundedCornerFrame=false}, InsetsSource: {mType=ITYPE_TOP_TAPPABLE_ELEMENT, mFrame=[0,0][1080,88], mVisible=true, mInsetsRoundedCornerFrame=false}, InsetsSource: {mType=ITYPE_BOTTOM_TAPPABLE_ELEMENT, mFrame=[0,0][0,0], mVisible=true, mInsetsRoundedCornerFrame=false} } host=Splash Screen com.example.mindshield.debug from=android.view.ViewRootImpl.relayoutWindow:9802
2025-07-10 21:50:18.843  2574-2698  SecFgsMana...rollerImpl com.android.systemui                 D  updateUiControl[com.example.mindshield.debug]: -1
2025-07-10 21:50:18.844  1318-5672  AppsFilter              system_server                        I  interaction: PackageSetting{b336eaf com.example.mindshield.debug/10519} -> PackageSetting{1061700 com.jio.media.ondemand/10371} BLOCKED
2025-07-10 21:50:18.844  1318-5672  AppsFilter              system_server                        I  interaction: PackageSetting{b336eaf com.example.mindshield.debug/10519} -> PackageSetting{499fb39 com.android.cts.priv.ctsshim/10254} BLOCKED
2025-07-10 21:50:18.844  1318-5672  AppsFilter              system_server                        I  interaction: PackageSetting{b336eaf com.example.mindshield.debug/10519} -> PackageSetting{731857e com.sec.vsim.ericssonnsds.webapp/10081} BLOCKED
2025-07-10 21:50:18.844  1318-5672  AppsFilter              system_server                        I  interaction: PackageSetting{b336eaf com.example.mindshield.debug/10519} -> PackageSetting{4366adf com.samsung.android.themestore/10124} BLOCKED
2025-07-10 21:50:18.844  1318-5672  AppsFilter              system_server                        I  interaction: PackageSetting{b336eaf com.example.mindshield.debug/10519} -> PackageSetting{99611f5 com.ig.screwdom/10367} BLOCKED
2025-07-10 21:50:18.844  1318-5672  AppsFilter              system_server                        I  interaction: PackageSetting{b336eaf com.example.mindshield.debug/10519} -> PackageSetting{6dc7b8a com.internshala.app/10460} BLOCKED
2025-07-10 21:50:18.844  1318-5672  AppsFilter              system_server                        I  interaction: PackageSetting{b336eaf com.example.mindshield.debug/10519} -> PackageSetting{40d5fb com.android.internal.display.cutout.emulation.corner/10012} BLOCKED
2025-07-10 21:50:18.844  1318-5672  AppsFilter              system_server                        I  interaction: PackageSetting{b336eaf com.example.mindshield.debug/10519} -> PackageSetting{7efc618 biltu.ADarkGreenLeaflines.com.wallpaperpack/10456} BLOCKED
2025-07-10 21:50:18.844  1318-5672  AppsFilter              system_server                        I  interaction: PackageSetting{b336eaf com.example.mindshield.debug/10519} -> PackageSetting{e02d871 com.elib.knimbusapp/10362} BLOCKED
2025-07-10 21:50:18.844  1318-5672  AppsFilter              system_server                        I  interaction: PackageSetting{b336eaf com.example.mindshield.debug/10519} -> PackageSetting{d8ec656 com.android.internal.display.cutout.emulation.double/10003} BLOCKED
2025-07-10 21:50:18.844  1318-5672  AppsFilter              system_server                        I  interaction: PackageSetting{b336eaf com.example.mindshield.debug/10519} -> PackageSetting{2bcd6d7 com.sec.location.nfwlocationprivacy/10153} BLOCKED
2025-07-10 21:50:18.844  1318-5672  AppsFilter              system_server                        I  interaction: PackageSetting{b336eaf com.example.mindshield.debug/10519} -> PackageSetting{b7fb5dc com.microsoft.appmanager/10129} BLOCKED
2025-07-10 21:50:18.844  1318-5672  AppsFilter              system_server                        I  interaction: PackageSetting{b336eaf com.example.mindshield.debug/10519} -> PackageSetting{5272bc4 com.samsung.android.allshare.service.fileshare.en/10318} BLOCKED
2025-07-10 21:50:18.845  1318-5672  AppsFilter              system_server                        I  interaction: PackageSetting{b336eaf com.example.mindshield.debug/10519} -> PackageSetting{e9b8aad com.shopdeck.trendzjewellery/10393} BLOCKED
2025-07-10 21:50:18.845  1318-5672  AppsFilter              system_server                        I  interaction: PackageSetting{b336eaf com.example.mindshield.debug/10519} -> PackageSetting{b48f1e2 com.truecaller/10360} BLOCKED
2025-07-10 21:50:18.845  1318-5672  AppsFilter              system_server                        I  interaction: PackageSetting{b336eaf com.example.mindshield.debug/10519} -> PackageSetting{e8e0973 com.camerasideas.instashot/10365} BLOCKED
2025-07-10 21:50:18.845  1318-5672  AppsFilter              system_server                        I  interaction: PackageSetting{b336eaf com.example.mindshield.debug/10519} -> PackageSetting{b4d4030 com.google.android.googlequicksearchbox/10227} BLOCKED
2025-07-10 21:50:18.845  1318-5672  AppsFilter              system_server                        I  interaction: PackageSetting{b336eaf com.example.mindshield.debug/10519} -> PackageSetting{e9324a9 com.samsung.android.themedesigner/10467} BLOCKED
2025-07-10 21:50:18.845  1318-5672  AppsFilter              system_server                        I  interaction: PackageSetting{b336eaf com.example.mindshield.debug/10519} -> PackageSetting{d884a2e com.sbi.lotusintouch/10345} BLOCKED
2025-07-10 21:50:18.845  1318-5672  AppsFilter              system_server                        I  interaction: PackageSetting{b336eaf com.example.mindshield.debug/10519} -> PackageSetting{735c9cf com.whereismytrain.android/10384} BLOCKED
2025-07-10 21:50:18.845  1318-5672  AppsFilter              system_server                        I  interaction: PackageSetting{b336eaf com.example.mindshield.debug/10519} -> PackageSetting{a7e2f5c org.telegram.messenger/10472} BLOCKED
2025-07-10 21:50:18.845  1318-5672  AppsFilter              system_server                        I  interaction: PackageSetting{b336eaf com.example.mindshield.debug/10519} -> PackageSetting{a52db3a com.phonepe.app/10330} BLOCKED
2025-07-10 21:50:18.845  1318-5672  AppsFilter              system_server                        I  interaction: PackageSetting{b336eaf com.example.mindshield.debug/10519} -> PackageSetting{cef33eb com.google.android.onetimeinitializer/10223} BLOCKED
2025-07-10 21:50:18.845  1318-5672  AppsFilter              system_server                        I  interaction: PackageSetting{b336eaf com.example.mindshield.debug/10519} -> PackageSetting{66ce548 com.google.android.ext.shared/10130} BLOCKED
2025-07-10 21:50:18.845  1318-5672  AppsFilter              system_server                        I  interaction: PackageSetting{b336eaf com.example.mindshield.debug/10519} -> PackageSetting{7e9bfe1 com.playit.videoplayer/10338} BLOCKED
2025-07-10 21:50:18.845  1318-5672  AppsFilter              system_server                        I  interaction: PackageSetting{b336eaf com.example.mindshield.debug/10519} -> PackageSetting{37106 com.samsung.android.app.telephonyui.en/10320} BLOCKED
2025-07-10 21:50:18.845  1318-5672  AppsFilter              system_server                        I  interaction: PackageSetting{b336eaf com.example.mindshield.debug/10519} -> PackageSetting{e8b23c7 com.samsung.ecomm.global.in/10396} BLOCKED
2025-07-10 21:50:18.845  1318-5672  AppsFilter              system_server                        I  interaction: PackageSetting{b336eaf com.example.mindshield.debug/10519} -> PackageSetting{90f0df4 com.android.internal.systemui.navbar.gestural_wide_back/10001} BLOCKED
2025-07-10 21:50:18.845  1318-5672  AppsFilter              system_server                        I  interaction: PackageSetting{b336eaf com.example.mindshield.debug/10519} -> PackageSetting{61791d com.google.android.federatedcompute/10266} BLOCKED
2025-07-10 21:50:18.845  1318-5672  AppsFilter              system_server                        I  interaction: PackageSetting{b336eaf com.example.mindshield.debug/10519} -> PackageSetting{5d59792 com.samsung.android.arzone.en/10301} BLOCKED
2025-07-10 21:50:18.845  1318-5672  AppsFilter              system_server                        I  interaction: PackageSetting{b336eaf com.example.mindshield.debug/10519} -> PackageSetting{d0c3563 com.fampay.in/10389} BLOCKED
2025-07-10 21:50:18.846  1318-5672  AppsFilter              system_server                        I  interaction: PackageSetting{b336eaf com.example.mindshield.debug/10519} -> PackageSetting{4091560 com.samsung.android.app.tips.en/10322} BLOCKED
2025-07-10 21:50:18.846  1318-5672  AppsFilter              system_server                        I  interaction: PackageSetting{b336eaf com.example.mindshield.debug/10519} -> PackageSetting{9319ade com.snowcorp.stickerly.android/10418} BLOCKED
2025-07-10 21:50:18.846  1318-5672  AppsFilter              system_server                        I  interaction: PackageSetting{b336eaf com.example.mindshield.debug/10519} -> PackageSetting{d02c4bf com.myairtelapp/10352} BLOCKED
2025-07-10 21:50:18.846  1318-5672  AppsFilter              system_server                        I  interaction: PackageSetting{b336eaf com.example.mindshield.debug/10519} -> PackageSetting{cda278c com.qualcomm.qti.gpudrivers.kona.api30/10209} BLOCKED
2025-07-10 21:50:18.846  1318-5672  AppsFilter              system_server                        I  interaction: PackageSetting{b336eaf com.example.mindshield.debug/10519} -> PackageSetting{337aed5 com.picsart.studio/10383} BLOCKED
2025-07-10 21:50:18.846  1318-5672  AppsFilter              system_server                        I  interaction: PackageSetting{b336eaf com.example.mindshield.debug/10519} -> PackageSetting{3b886ea com.sec.hearingadjust.en/10289} BLOCKED
2025-07-10 21:50:18.846  1318-5672  AppsFilter              system_server                        I  interaction: PackageSetting{b336eaf com.example.mindshield.debug/10519} -> PackageSetting{1a8eddb com.shopify.mobile/10327} BLOCKED
2025-07-10 21:50:18.846  1318-5672  AppsFilter              system_server                        I  interaction: PackageSetting{b336eaf com.example.mindshield.debug/10519} -> PackageSetting{fc83078 com.google.android.apps.docs.editors.sheets/10483} BLOCKED
