2025-07-10 21:59:11.415 26297-26321 System.err              com.example.mindshield.debug         W  	at androidx.sqlite.db.framework.FrameworkSQLiteOpenHelper$OpenHelper.onOpen(FrameworkSQLiteOpenHelper.kt:287)
2025-07-10 21:59:11.415 26297-26321 System.err              com.example.mindshield.debug         W  	at android.database.sqlite.SQLiteOpenHelper.getDatabaseLocked(SQLiteOpenHelper.java:527)
2025-07-10 21:59:11.415 26297-26321 System.err              com.example.mindshield.debug         W  	at android.database.sqlite.SQLiteOpenHelper.getWritableDatabase(SQLiteOpenHelper.java:413)
2025-07-10 21:59:11.415 26297-26321 System.err              com.example.mindshield.debug         W  	at androidx.sqlite.db.framework.FrameworkSQLiteOpenHelper$OpenHelper.getWritableOrReadableDatabase(FrameworkSQLiteOpenHelper.kt:232)
2025-07-10 21:59:11.415 26297-26321 System.err              com.example.mindshield.debug         W  	at androidx.sqlite.db.framework.FrameworkSQLiteOpenHelper$OpenHelper.innerGetDatabase(FrameworkSQLiteOpenHelper.kt:190)
2025-07-10 21:59:11.415 26297-26321 System.err              com.example.mindshield.debug         W  	at androidx.sqlite.db.framework.FrameworkSQLiteOpenHelper$OpenHelper.getSupportDatabase(FrameworkSQLiteOpenHelper.kt:151)
2025-07-10 21:59:11.415 26297-26321 System.err              com.example.mindshield.debug         W  	at androidx.sqlite.db.framework.FrameworkSQLiteOpenHelper.getWritableDatabase(FrameworkSQLiteOpenHelper.kt:104)
2025-07-10 21:59:11.415 26297-26321 System.err              com.example.mindshield.debug         W  	at androidx.room.RoomDatabase.internalBeginTransaction(RoomDatabase.kt:522)
2025-07-10 21:59:11.415 26297-26321 System.err              com.example.mindshield.debug         W  	at androidx.room.RoomDatabase.beginTransaction(RoomDatabase.kt:511)
2025-07-10 21:59:11.415 26297-26321 System.err              com.example.mindshield.debug         W  	at com.example.mindshield.data.local.AppUsageDao_Impl$3.call(AppUsageDao_Impl.java:101)
2025-07-10 21:59:11.415 26297-26321 System.err              com.example.mindshield.debug         W  	at com.example.mindshield.data.local.AppUsageDao_Impl$3.call(AppUsageDao_Impl.java:97)
2025-07-10 21:59:11.415 26297-26321 System.err              com.example.mindshield.debug         W  	at androidx.room.CoroutinesRoom$Companion$execute$2.invokeSuspend(CoroutinesRoom.kt:64)
2025-07-10 21:59:11.415 26297-26321 System.err              com.example.mindshield.debug         W  	at kotlin.coroutines.jvm.internal.BaseContinuationImpl.resumeWith(ContinuationImpl.kt:33)
2025-07-10 21:59:11.415 26297-26321 System.err              com.example.mindshield.debug         W  	at kotlinx.coroutines.DispatchedTask.run(DispatchedTask.kt:104)
2025-07-10 21:59:11.415 26297-26321 System.err              com.example.mindshield.debug         W  	at androidx.room.TransactionExecutor.execute$lambda$1$lambda$0(TransactionExecutor.kt:36)
2025-07-10 21:59:11.416 26297-26321 System.err              com.example.mindshield.debug         W  	at androidx.room.TransactionExecutor.$r8$lambda$FZWr2PGmP3sgXLCiri-DCcePXSs(Unknown Source:0)
2025-07-10 21:59:11.416 26297-26321 System.err              com.example.mindshield.debug         W  	at androidx.room.TransactionExecutor$$ExternalSyntheticLambda0.run(D8$$SyntheticClass:0)
2025-07-10 21:59:11.416 26297-26321 System.err              com.example.mindshield.debug         W  	at java.util.concurrent.ThreadPoolExecutor.runWorker(ThreadPoolExecutor.java:1137)
2025-07-10 21:59:11.416 26297-26321 System.err              com.example.mindshield.debug         W  	at java.util.concurrent.ThreadPoolExecutor$Worker.run(ThreadPoolExecutor.java:637)
2025-07-10 21:59:11.416 26297-26321 System.err              com.example.mindshield.debug         W  	at java.lang.Thread.run(Thread.java:1012)
2025-07-10 21:59:11.416 26297-26321 MonitoringService       com.example.mindshield.debug         D  monitorAppUsage called
2025-07-10 21:59:11.418 26297-26321 MonitoringService       com.example.mindshield.debug         D  Current app: null
2025-07-10 21:59:11.418 26297-26321 MonitoringService       com.example.mindshield.debug         W  Fallback to AccessibilityService.lastForegroundPackage: null
2025-07-10 21:59:11.419 26297-26321 DistractionDetector     com.example.mindshield.debug         D  checkForDistractions called
2025-07-10 21:59:11.421 26297-26321 DistractionDetector     com.example.mindshield.debug         W  No current running app detected
2025-07-10 21:59:21.447 26297-26321 MonitoringService       com.example.mindshield.debug         D  monitorAppUsage called
2025-07-10 21:59:21.452 26297-26321 MonitoringService       com.example.mindshield.debug         D  Current app: com.whatsapp
2025-07-10 21:59:22.055 26297-26321 System.err              com.example.mindshield.debug         W  java.lang.IllegalStateException: Room cannot verify the data integrity. Looks like you've changed schema but forgot to update the version number. You can simply fix this by increasing the version number. Expected identity hash: f907d1537840cc27affe19f38a66bad4, found: b9cfb43f6fa3d5c35a8df4b52d6fc0f1
2025-07-10 21:59:22.055 26297-26321 System.err              com.example.mindshield.debug         W  	at androidx.room.RoomOpenHelper.checkIdentity(RoomOpenHelper.kt:146)
2025-07-10 21:59:22.055 26297-26321 System.err              com.example.mindshield.debug         W  	at androidx.room.RoomOpenHelper.onOpen(RoomOpenHelper.kt:127)
2025-07-10 21:59:22.055 26297-26321 System.err              com.example.mindshield.debug         W  	at androidx.sqlite.db.framework.FrameworkSQLiteOpenHelper$OpenHelper.onOpen(FrameworkSQLiteOpenHelper.kt:287)
2025-07-10 21:59:22.055 26297-26321 System.err              com.example.mindshield.debug         W  	at android.database.sqlite.SQLiteOpenHelper.getDatabaseLocked(SQLiteOpenHelper.java:527)
2025-07-10 21:59:22.055 26297-26321 System.err              com.example.mindshield.debug         W  	at android.database.sqlite.SQLiteOpenHelper.getWritableDatabase(SQLiteOpenHelper.java:413)
2025-07-10 21:59:22.055 26297-26321 System.err              com.example.mindshield.debug         W  	at androidx.sqlite.db.framework.FrameworkSQLiteOpenHelper$OpenHelper.getWritableOrReadableDatabase(FrameworkSQLiteOpenHelper.kt:232)
2025-07-10 21:59:22.055 26297-26321 System.err              com.example.mindshield.debug         W  	at androidx.sqlite.db.framework.FrameworkSQLiteOpenHelper$OpenHelper.innerGetDatabase(FrameworkSQLiteOpenHelper.kt:190)
2025-07-10 21:59:22.055 26297-26321 System.err              com.example.mindshield.debug         W  	at androidx.sqlite.db.framework.FrameworkSQLiteOpenHelper$OpenHelper.getSupportDatabase(FrameworkSQLiteOpenHelper.kt:151)
2025-07-10 21:59:22.055 26297-26321 System.err              com.example.mindshield.debug         W  	at androidx.sqlite.db.framework.FrameworkSQLiteOpenHelper.getWritableDatabase(FrameworkSQLiteOpenHelper.kt:104)
2025-07-10 21:59:22.055 26297-26321 System.err              com.example.mindshield.debug         W  	at androidx.room.RoomDatabase.internalBeginTransaction(RoomDatabase.kt:522)
2025-07-10 21:59:22.055 26297-26321 System.err              com.example.mindshield.debug         W  	at androidx.room.RoomDatabase.beginTransaction(RoomDatabase.kt:511)
2025-07-10 21:59:22.055 26297-26321 System.err              com.example.mindshield.debug         W  	at com.example.mindshield.data.local.AppUsageDao_Impl$3.call(AppUsageDao_Impl.java:101)
2025-07-10 21:59:22.056 26297-26321 System.err              com.example.mindshield.debug         W  	at com.example.mindshield.data.local.AppUsageDao_Impl$3.call(AppUsageDao_Impl.java:97)
2025-07-10 21:59:22.056 26297-26321 System.err              com.example.mindshield.debug         W  	at androidx.room.CoroutinesRoom$Companion$execute$2.invokeSuspend(CoroutinesRoom.kt:64)
2025-07-10 21:59:22.056 26297-26321 System.err              com.example.mindshield.debug         W  	at kotlin.coroutines.jvm.internal.BaseContinuationImpl.resumeWith(ContinuationImpl.kt:33)
2025-07-10 21:59:22.056 26297-26321 System.err              com.example.mindshield.debug         W  	at kotlinx.coroutines.DispatchedTask.run(DispatchedTask.kt:104)
2025-07-10 21:59:22.056 26297-26321 System.err              com.example.mindshield.debug         W  	at androidx.room.TransactionExecutor.execute$lambda$1$lambda$0(TransactionExecutor.kt:36)
2025-07-10 21:59:22.056 26297-26321 System.err              com.example.mindshield.debug         W  	at androidx.room.TransactionExecutor.$r8$lambda$FZWr2PGmP3sgXLCiri-DCcePXSs(Unknown Source:0)
2025-07-10 21:59:22.056 26297-26321 System.err              com.example.mindshield.debug         W  	at androidx.room.TransactionExecutor$$ExternalSyntheticLambda0.run(D8$$SyntheticClass:0)
2025-07-10 21:59:22.056 26297-26321 System.err              com.example.mindshield.debug         W  	at java.util.concurrent.ThreadPoolExecutor.runWorker(ThreadPoolExecutor.java:1137)
2025-07-10 21:59:22.056 26297-26321 System.err              com.example.mindshield.debug         W  	at java.util.concurrent.ThreadPoolExecutor$Worker.run(ThreadPoolExecutor.java:637)
2025-07-10 21:59:22.056 26297-26321 System.err              com.example.mindshield.debug         W  	at java.lang.Thread.run(Thread.java:1012)
2025-07-10 21:59:22.056 26297-26321 MonitoringService       com.example.mindshield.debug         D  monitorAppUsage called
2025-07-10 21:59:22.059 26297-26321 MonitoringService       com.example.mindshield.debug         D  Current app: null
2025-07-10 21:59:22.059 26297-26321 MonitoringService       com.example.mindshield.debug         W  Fallback to AccessibilityService.lastForegroundPackage: null
2025-07-10 21:59:22.061 26297-26321 DistractionDetector     com.example.mindshield.debug         D  checkForDistractions called
2025-07-10 21:59:22.062 26297-26321 DistractionDetector     com.example.mindshield.debug         W  No current running app detected
2025-07-10 21:59:27.064 26297-26321 MonitoringService       com.example.mindshield.debug         D  monitorAppUsage called
2025-07-10 21:59:27.066 26297-26321 MonitoringService       com.example.mindshield.debug         D  Current app: null
2025-07-10 21:59:27.066 26297-26321 MonitoringService       com.example.mindshield.debug         W  Fallback to AccessibilityService.lastForegroundPackage: null
2025-07-10 21:59:27.067 26297-26321 DistractionDetector     com.example.mindshield.debug         D  checkForDistractions called
2025-07-10 21:59:27.067 26297-26321 DistractionDetector     com.example.mindshield.debug         W  No current running app detected
2025-07-10 21:59:32.069 26297-26321 MonitoringService       com.example.mindshield.debug         D  monitorAppUsage called
2025-07-10 21:59:32.070 26297-26321 MonitoringService       com.example.mindshield.debug         D  Current app: null
2025-07-10 21:59:32.070 26297-26321 MonitoringService       com.example.mindshield.debug         W  Fallback to AccessibilityService.lastForegroundPackage: null
2025-07-10 21:59:32.071 26297-26321 DistractionDetector     com.example.mindshield.debug         D  checkForDistractions called
2025-07-10 21:59:32.072 26297-26321 DistractionDetector     com.example.mindshield.debug         W  No current running app detected
2025-07-10 21:59:37.075 26297-26321 MonitoringService       com.example.mindshield.debug         D  monitorAppUsage called
2025-07-10 21:59:37.079 26297-26321 MonitoringService       com.example.mindshield.debug         D  Current app: null
2025-07-10 21:59:37.079 26297-26321 MonitoringService       com.example.mindshield.debug         W  Fallback to AccessibilityService.lastForegroundPackage: null
2025-07-10 21:59:37.080 26297-26321 DistractionDetector     com.example.mindshield.debug         D  checkForDistractions called
2025-07-10 21:59:37.081 26297-26321 DistractionDetector     com.example.mindshield.debug         W  No current running app detected
2025-07-10 21:59:42.083 26297-26321 MonitoringService       com.example.mindshield.debug         D  monitorAppUsage called
2025-07-10 21:59:42.087 26297-26321 MonitoringService       com.example.mindshield.debug         D  Current app: null
2025-07-10 21:59:42.087 26297-26321 MonitoringService       com.example.mindshield.debug         W  Fallback to AccessibilityService.lastForegroundPackage: null
2025-07-10 21:59:42.087 26297-26321 DistractionDetector     com.example.mindshield.debug         D  checkForDistractions called
2025-07-10 21:59:42.088 26297-26321 DistractionDetector     com.example.mindshield.debug         W  No current running app detected
2025-07-10 21:59:47.090 26297-26321 MonitoringService       com.example.mindshield.debug         D  monitorAppUsage called
2025-07-10 21:59:47.096 26297-26321 MonitoringService       com.example.mindshield.debug         D  Current app: com.sec.android.app.launcher
2025-07-10 21:59:47.659 26297-26321 System.err              com.example.mindshield.debug         W  java.lang.IllegalStateException: Room cannot verify the data integrity. Looks like you've changed schema but forgot to update the version number. You can simply fix this by increasing the version number. Expected identity hash: f907d1537840cc27affe19f38a66bad4, found: b9cfb43f6fa3d5c35a8df4b52d6fc0f1
2025-07-10 21:59:47.659 26297-26321 System.err              com.example.mindshield.debug         W  	at androidx.room.RoomOpenHelper.checkIdentity(RoomOpenHelper.kt:146)
2025-07-10 21:59:47.659 26297-26321 System.err              com.example.mindshield.debug         W  	at androidx.room.RoomOpenHelper.onOpen(RoomOpenHelper.kt:127)
2025-07-10 21:59:47.659 26297-26321 System.err              com.example.mindshield.debug         W  	at androidx.sqlite.db.framework.FrameworkSQLiteOpenHelper$OpenHelper.onOpen(FrameworkSQLiteOpenHelper.kt:287)
2025-07-10 21:59:47.659 26297-26321 System.err              com.example.mindshield.debug         W  	at android.database.sqlite.SQLiteOpenHelper.getDatabaseLocked(SQLiteOpenHelper.java:527)
2025-07-10 21:59:47.659 26297-26321 System.err              com.example.mindshield.debug         W  	at android.database.sqlite.SQLiteOpenHelper.getWritableDatabase(SQLiteOpenHelper.java:413)
2025-07-10 21:59:47.659 26297-26321 System.err              com.example.mindshield.debug         W  	at androidx.sqlite.db.framework.FrameworkSQLiteOpenHelper$OpenHelper.getWritableOrReadableDatabase(FrameworkSQLiteOpenHelper.kt:232)
2025-07-10 21:59:47.660 26297-26321 System.err              com.example.mindshield.debug         W  	at androidx.sqlite.db.framework.FrameworkSQLiteOpenHelper$OpenHelper.innerGetDatabase(FrameworkSQLiteOpenHelper.kt:190)
2025-07-10 21:59:47.660 26297-26321 System.err              com.example.mindshield.debug         W  	at androidx.sqlite.db.framework.FrameworkSQLiteOpenHelper$OpenHelper.getSupportDatabase(FrameworkSQLiteOpenHelper.kt:151)
2025-07-10 21:59:47.660 26297-26321 System.err              com.example.mindshield.debug         W  	at androidx.sqlite.db.framework.FrameworkSQLiteOpenHelper.getWritableDatabase(FrameworkSQLiteOpenHelper.kt:104)
2025-07-10 21:59:47.660 26297-26321 System.err              com.example.mindshield.debug         W  	at androidx.room.RoomDatabase.inTransaction(RoomDatabase.kt:632)
2025-07-10 21:59:47.660 26297-26321 System.err              com.example.mindshield.debug         W  	at androidx.room.RoomDatabase.assertNotSuspendingTransaction(RoomDatabase.kt:451)
2025-07-10 21:59:47.660 26297-26321 System.err              com.example.mindshield.debug         W  	at androidx.room.RoomDatabase.query(RoomDatabase.kt:480)
2025-07-10 21:59:47.660 26297-26321 System.err              com.example.mindshield.debug         W  	at androidx.room.util.DBUtil.query(DBUtil.kt:75)
2025-07-10 21:59:47.661 26297-26321 System.err              com.example.mindshield.debug         W  	at com.example.mindshield.data.local.AppUsageDao_Impl$7.call(AppUsageDao_Impl.java:255)
2025-07-10 21:59:47.661 26297-26321 System.err              com.example.mindshield.debug         W  	at com.example.mindshield.data.local.AppUsageDao_Impl$7.call(AppUsageDao_Impl.java:251)
2025-07-10 21:59:47.661 26297-26321 System.err              com.example.mindshield.debug         W  	at androidx.room.CoroutinesRoom$Companion$execute$4$job$1.invokeSuspend(CoroutinesRoom.kt:87)
2025-07-10 21:59:47.661 26297-26321 System.err              com.example.mindshield.debug         W  	at kotlin.coroutines.jvm.internal.BaseContinuationImpl.resumeWith(ContinuationImpl.kt:33)
2025-07-10 21:59:47.661 26297-26321 System.err              com.example.mindshield.debug         W  	at kotlinx.coroutines.DispatchedTask.run(DispatchedTask.kt:104)
2025-07-10 21:59:47.661 26297-26321 System.err              com.example.mindshield.debug         W  	at java.util.concurrent.ThreadPoolExecutor.runWorker(ThreadPoolExecutor.java:1137)
2025-07-10 21:59:47.661 26297-26321 System.err              com.example.mindshield.debug         W  	at java.util.concurrent.ThreadPoolExecutor$Worker.run(ThreadPoolExecutor.java:637)
2025-07-10 21:59:47.661 26297-26321 System.err              com.example.mindshield.debug         W  	at java.lang.Thread.run(Thread.java:1012)
2025-07-10 21:59:47.672 26297-26321 MonitoringService       com.example.mindshield.debug         D  monitorAppUsage called
2025-07-10 21:59:47.686 26297-26321 MonitoringService       com.example.mindshield.debug         D  Current app: com.sec.android.app.launcher
2025-07-10 21:59:48.237 26297-26321 System.err              com.example.mindshield.debug         W  java.lang.IllegalStateException: Room cannot verify the data integrity. Looks like you've changed schema but forgot to update the version number. You can simply fix this by increasing the version number. Expected identity hash: f907d1537840cc27affe19f38a66bad4, found: b9cfb43f6fa3d5c35a8df4b52d6fc0f1
2025-07-10 21:59:48.237 26297-26321 System.err              com.example.mindshield.debug         W  	at androidx.room.RoomOpenHelper.checkIdentity(RoomOpenHelper.kt:146)
2025-07-10 21:59:48.238 26297-26321 System.err              com.example.mindshield.debug         W  	at androidx.room.RoomOpenHelper.onOpen(RoomOpenHelper.kt:127)
2025-07-10 21:59:48.238 26297-26321 System.err              com.example.mindshield.debug         W  	at androidx.sqlite.db.framework.FrameworkSQLiteOpenHelper$OpenHelper.onOpen(FrameworkSQLiteOpenHelper.kt:287)
2025-07-10 21:59:48.238 26297-26321 System.err              com.example.mindshield.debug         W  	at android.database.sqlite.SQLiteOpenHelper.getDatabaseLocked(SQLiteOpenHelper.java:527)
2025-07-10 21:59:48.238 26297-26321 System.err              com.example.mindshield.debug         W  	at android.database.sqlite.SQLiteOpenHelper.getWritableDatabase(SQLiteOpenHelper.java:413)
2025-07-10 21:59:48.238 26297-26321 System.err              com.example.mindshield.debug         W  	at androidx.sqlite.db.framework.FrameworkSQLiteOpenHelper$OpenHelper.getWritableOrReadableDatabase(FrameworkSQLiteOpenHelper.kt:232)
2025-07-10 21:59:48.238 26297-26321 System.err              com.example.mindshield.debug         W  	at androidx.sqlite.db.framework.FrameworkSQLiteOpenHelper$OpenHelper.innerGetDatabase(FrameworkSQLiteOpenHelper.kt:190)
2025-07-10 21:59:48.238 26297-26321 System.err              com.example.mindshield.debug         W  	at androidx.sqlite.db.framework.FrameworkSQLiteOpenHelper$OpenHelper.getSupportDatabase(FrameworkSQLiteOpenHelper.kt:151)
2025-07-10 21:59:48.238 26297-26321 System.err              com.example.mindshield.debug         W  	at androidx.sqlite.db.framework.FrameworkSQLiteOpenHelper.getWritableDatabase(FrameworkSQLiteOpenHelper.kt:104)
2025-07-10 21:59:48.238 26297-26321 System.err              com.example.mindshield.debug         W  	at androidx.room.RoomDatabase.inTransaction(RoomDatabase.kt:632)
2025-07-10 21:59:48.238 26297-26321 System.err              com.example.mindshield.debug         W  	at androidx.room.RoomDatabase.assertNotSuspendingTransaction(RoomDatabase.kt:451)
2025-07-10 21:59:48.238 26297-26321 System.err              com.example.mindshield.debug         W  	at androidx.room.RoomDatabase.query(RoomDatabase.kt:480)
2025-07-10 21:59:48.238 26297-26321 System.err              com.example.mindshield.debug         W  	at androidx.room.util.DBUtil.query(DBUtil.kt:75)
2025-07-10 21:59:48.238 26297-26321 System.err              com.example.mindshield.debug         W  	at com.example.mindshield.data.local.AppUsageDao_Impl$7.call(AppUsageDao_Impl.java:255)
2025-07-10 21:59:48.238 26297-26321 System.err              com.example.mindshield.debug         W  	at com.example.mindshield.data.local.AppUsageDao_Impl$7.call(AppUsageDao_Impl.java:251)
2025-07-10 21:59:48.238 26297-26321 System.err              com.example.mindshield.debug         W  	at androidx.room.CoroutinesRoom$Companion$execute$4$job$1.invokeSuspend(CoroutinesRoom.kt:87)
2025-07-10 21:59:48.239 26297-26321 System.err              com.example.mindshield.debug         W  	at kotlin.coroutines.jvm.internal.BaseContinuationImpl.resumeWith(ContinuationImpl.kt:33)
2025-07-10 21:59:48.239 26297-26321 System.err              com.example.mindshield.debug         W  	at kotlinx.coroutines.DispatchedTask.run(DispatchedTask.kt:104)
2025-07-10 21:59:48.239 26297-26321 System.err              com.example.mindshield.debug         W  	at java.util.concurrent.ThreadPoolExecutor.runWorker(ThreadPoolExecutor.java:1137)
2025-07-10 21:59:48.239 26297-26321 System.err              com.example.mindshield.debug         W  	at java.util.concurrent.ThreadPoolExecutor$Worker.run(ThreadPoolExecutor.java:637)
2025-07-10 21:59:48.239 26297-26321 System.err              com.example.mindshield.debug         W  	at java.lang.Thread.run(Thread.java:1012)
2025-07-10 21:59:48.239 26297-26321 MonitoringService       com.example.mindshield.debug         D  monitorAppUsage called
2025-07-10 21:59:48.247 26297-26321 MonitoringService       com.example.mindshield.debug         D  Current app: com.sec.android.app.launcher
2025-07-10 21:59:48.802 26297-26321 System.err              com.example.mindshield.debug         W  java.lang.IllegalStateException: Room cannot verify the data integrity. Looks like you've changed schema but forgot to update the version number. You can simply fix this by increasing the version number. Expected identity hash: f907d1537840cc27affe19f38a66bad4, found: b9cfb43f6fa3d5c35a8df4b52d6fc0f1
2025-07-10 21:59:48.802 26297-26321 System.err              com.example.mindshield.debug         W  	at androidx.room.RoomOpenHelper.checkIdentity(RoomOpenHelper.kt:146)
2025-07-10 21:59:48.802 26297-26321 System.err              com.example.mindshield.debug         W  	at androidx.room.RoomOpenHelper.onOpen(RoomOpenHelper.kt:127)
2025-07-10 21:59:48.802 26297-26321 System.err              com.example.mindshield.debug         W  	at androidx.sqlite.db.framework.FrameworkSQLiteOpenHelper$OpenHelper.onOpen(FrameworkSQLiteOpenHelper.kt:287)
2025-07-10 21:59:48.802 26297-26321 System.err              com.example.mindshield.debug         W  	at android.database.sqlite.SQLiteOpenHelper.getDatabaseLocked(SQLiteOpenHelper.java:527)
2025-07-10 21:59:48.802 26297-26321 System.err              com.example.mindshield.debug         W  	at android.database.sqlite.SQLiteOpenHelper.getWritableDatabase(SQLiteOpenHelper.java:413)
2025-07-10 21:59:48.803 26297-26321 System.err              com.example.mindshield.debug         W  	at androidx.sqlite.db.framework.FrameworkSQLiteOpenHelper$OpenHelper.getWritableOrReadableDatabase(FrameworkSQLiteOpenHelper.kt:232)
2025-07-10 21:59:48.803 26297-26321 System.err              com.example.mindshield.debug         W  	at androidx.sqlite.db.framework.FrameworkSQLiteOpenHelper$OpenHelper.innerGetDatabase(FrameworkSQLiteOpenHelper.kt:190)
2025-07-10 21:59:48.803 26297-26321 System.err              com.example.mindshield.debug         W  	at androidx.sqlite.db.framework.FrameworkSQLiteOpenHelper$OpenHelper.getSupportDatabase(FrameworkSQLiteOpenHelper.kt:151)
2025-07-10 21:59:48.803 26297-26321 System.err              com.example.mindshield.debug         W  	at androidx.sqlite.db.framework.FrameworkSQLiteOpenHelper.getWritableDatabase(FrameworkSQLiteOpenHelper.kt:104)
2025-07-10 21:59:48.803 26297-26321 System.err              com.example.mindshield.debug         W  	at androidx.room.RoomDatabase.inTransaction(RoomDatabase.kt:632)
2025-07-10 21:59:48.803 26297-26321 System.err              com.example.mindshield.debug         W  	at androidx.room.RoomDatabase.assertNotSuspendingTransaction(RoomDatabase.kt:451)
2025-07-10 21:59:48.803 26297-26321 System.err              com.example.mindshield.debug         W  	at androidx.room.RoomDatabase.query(RoomDatabase.kt:480)
2025-07-10 21:59:48.803 26297-26321 System.err              com.example.mindshield.debug         W  	at androidx.room.util.DBUtil.query(DBUtil.kt:75)
2025-07-10 21:59:48.803 26297-26321 System.err              com.example.mindshield.debug         W  	at com.example.mindshield.data.local.AppUsageDao_Impl$7.call(AppUsageDao_Impl.java:255)
2025-07-10 21:59:48.803 26297-26321 System.err              com.example.mindshield.debug         W  	at com.example.mindshield.data.local.AppUsageDao_Impl$7.call(AppUsageDao_Impl.java:251)
2025-07-10 21:59:48.803 26297-26321 System.err              com.example.mindshield.debug         W  	at androidx.room.CoroutinesRoom$Companion$execute$4$job$1.invokeSuspend(CoroutinesRoom.kt:87)
2025-07-10 21:59:48.803 26297-26321 System.err              com.example.mindshield.debug         W  	at kotlin.coroutines.jvm.internal.BaseContinuationImpl.resumeWith(ContinuationImpl.kt:33)
2025-07-10 21:59:48.803 26297-26321 System.err              com.example.mindshield.debug         W  	at kotlinx.coroutines.DispatchedTask.run(DispatchedTask.kt:104)
2025-07-10 21:59:48.803 26297-26321 System.err              com.example.mindshield.debug         W  	at java.util.concurrent.ThreadPoolExecutor.runWorker(ThreadPoolExecutor.java:1137)
2025-07-10 21:59:48.803 26297-26321 System.err              com.example.mindshield.debug         W  	at java.util.concurrent.ThreadPoolExecutor$Worker.run(ThreadPoolExecutor.java:637)
2025-07-10 21:59:48.803 26297-26321 System.err              com.example.mindshield.debug         W  	at java.lang.Thread.run(Thread.java:1012)
2025-07-10 21:59:48.803 26297-26321 MonitoringService       com.example.mindshield.debug         D  monitorAppUsage called
2025-07-10 21:59:48.810 26297-26321 MonitoringService       com.example.mindshield.debug         D  Current app: com.sec.android.app.launcher
2025-07-10 21:59:49.343 26297-26321 System.err              com.example.mindshield.debug         W  java.lang.IllegalStateException: Room cannot verify the data integrity. Looks like you've changed schema but forgot to update the version number. You can simply fix this by increasing the version number. Expected identity hash: f907d1537840cc27affe19f38a66bad4, found: b9cfb43f6fa3d5c35a8df4b52d6fc0f1
2025-07-10 21:59:49.344 26297-26321 System.err              com.example.mindshield.debug         W  	at androidx.room.RoomOpenHelper.checkIdentity(RoomOpenHelper.kt:146)
2025-07-10 21:59:49.344 26297-26321 System.err              com.example.mindshield.debug         W  	at androidx.room.RoomOpenHelper.onOpen(RoomOpenHelper.kt:127)
2025-07-10 21:59:49.344 26297-26321 System.err              com.example.mindshield.debug         W  	at androidx.sqlite.db.framework.FrameworkSQLiteOpenHelper$OpenHelper.onOpen(FrameworkSQLiteOpenHelper.kt:287)
2025-07-10 21:59:49.344 26297-26321 System.err              com.example.mindshield.debug         W  	at android.database.sqlite.SQLiteOpenHelper.getDatabaseLocked(SQLiteOpenHelper.java:527)
2025-07-10 21:59:49.344 26297-26321 System.err              com.example.mindshield.debug         W  	at android.database.sqlite.SQLiteOpenHelper.getWritableDatabase(SQLiteOpenHelper.java:413)
2025-07-10 21:59:49.344 26297-26321 System.err              com.example.mindshield.debug         W  	at androidx.sqlite.db.framework.FrameworkSQLiteOpenHelper$OpenHelper.getWritableOrReadableDatabase(FrameworkSQLiteOpenHelper.kt:232)
2025-07-10 21:59:49.344 26297-26321 System.err              com.example.mindshield.debug         W  	at androidx.sqlite.db.framework.FrameworkSQLiteOpenHelper$OpenHelper.innerGetDatabase(FrameworkSQLiteOpenHelper.kt:190)
2025-07-10 21:59:49.344 26297-26321 System.err              com.example.mindshield.debug         W  	at androidx.sqlite.db.framework.FrameworkSQLiteOpenHelper$OpenHelper.getSupportDatabase(FrameworkSQLiteOpenHelper.kt:151)
2025-07-10 21:59:49.344 26297-26321 System.err              com.example.mindshield.debug         W  	at androidx.sqlite.db.framework.FrameworkSQLiteOpenHelper.getWritableDatabase(FrameworkSQLiteOpenHelper.kt:104)
2025-07-10 21:59:49.344 26297-26321 System.err              com.example.mindshield.debug         W  	at androidx.room.RoomDatabase.inTransaction(RoomDatabase.kt:632)
2025-07-10 21:59:49.344 26297-26321 System.err              com.example.mindshield.debug         W  	at androidx.room.RoomDatabase.assertNotSuspendingTransaction(RoomDatabase.kt:451)
2025-07-10 21:59:49.344 26297-26321 System.err              com.example.mindshield.debug         W  	at androidx.room.RoomDatabase.query(RoomDatabase.kt:480)
2025-07-10 21:59:49.344 26297-26321 System.err              com.example.mindshield.debug         W  	at androidx.room.util.DBUtil.query(DBUtil.kt:75)
2025-07-10 21:59:49.344 26297-26321 System.err              com.example.mindshield.debug         W  	at com.example.mindshield.data.local.AppUsageDao_Impl$7.call(AppUsageDao_Impl.java:255)
2025-07-10 21:59:49.344 26297-26321 System.err              com.example.mindshield.debug         W  	at com.example.mindshield.data.local.AppUsageDao_Impl$7.call(AppUsageDao_Impl.java:251)
2025-07-10 21:59:49.344 26297-26321 System.err              com.example.mindshield.debug         W  	at androidx.room.CoroutinesRoom$Companion$execute$4$job$1.invokeSuspend(CoroutinesRoom.kt:87)
2025-07-10 21:59:49.344 26297-26321 System.err              com.example.mindshield.debug         W  	at kotlin.coroutines.jvm.internal.BaseContinuationImpl.resumeWith(ContinuationImpl.kt:33)
2025-07-10 21:59:49.344 26297-26321 System.err              com.example.mindshield.debug         W  	at kotlinx.coroutines.DispatchedTask.run(DispatchedTask.kt:104)
2025-07-10 21:59:49.345 26297-26321 System.err              com.example.mindshield.debug         W  	at java.util.concurrent.ThreadPoolExecutor.runWorker(ThreadPoolExecutor.java:1137)
2025-07-10 21:59:49.345 26297-26321 System.err              com.example.mindshield.debug         W  	at java.util.concurrent.ThreadPoolExecutor$Worker.run(ThreadPoolExecutor.java:637)
2025-07-10 21:59:49.345 26297-26321 System.err              com.example.mindshield.debug         W  	at java.lang.Thread.run(Thread.java:1012)
2025-07-10 21:59:49.345 26297-26321 MonitoringService       com.example.mindshield.debug         D  monitorAppUsage called
2025-07-10 21:59:49.347 26297-26321 MonitoringService       com.example.mindshield.debug         D  Current app: null
2025-07-10 21:59:49.347 26297-26321 MonitoringService       com.example.mindshield.debug         W  Fallback to AccessibilityService.lastForegroundPackage: null
2025-07-10 21:59:49.348 26297-26321 DistractionDetector     com.example.mindshield.debug         D  checkForDistractions called
2025-07-10 21:59:49.348 26297-26321 DistractionDetector     com.example.mindshield.debug         W  No current running app detected
2025-07-10 21:59:52.904  1318-2539  Pageboost               system_server                        I  start alp : com.example.mindshield.debug
2025-07-10 21:59:52.905  1318-2542  Pageboost               system_server                        I  alp for : com.example.mindshield.debug , 1
2025-07-10 21:59:52.907  1318-1658  ChimeraSys...ntListener system_server                        I  appLaunchIntent package name is: com.example.mindshield.debug
2025-07-10 21:59:52.924  2574-2634  ShellStartingWindow     com.android.systemui                 D  preload Icon com.example.mindshield.debug
2025-07-10 21:59:52.982  1318-1658  ChimeraSys...ntListener system_server                        I  appLaunchIntent package name is: com.example.mindshield.debug
2025-07-10 21:59:52.983  1318-3860  Pageboost               system_server                        I  onAppLaunch : com.example.mindshield.debug
2025-07-10 21:59:52.983  1318-3860  ActivityTaskManager     system_server                        I  START u0 {act=android.intent.action.MAIN cat=[android.intent.category.LAUNCHER] flg=0x10200000 cmp=com.example.mindshield.debug/com.example.mindshield.MainActivity bnds=[644,1602][840,1921]} from uid 10127
2025-07-10 21:59:52.985  1318-2542  Pageboost               system_server                        I  Record App IO : com.example.mindshield.debug pid 26297
2025-07-10 21:59:52.985  1318-3860  ActivityTaskManager     system_server                        D  TaskLaunchParamsModifier:task=null activity=ActivityRecord{39874c4 u0 com.example.mindshield.debug/com.example.mindshield.MainActivity} display-from-option=0 display-id=0 display-windowing-mode=1 suggested-display-area=DefaultTaskDisplayArea@242797893
2025-07-10 21:59:52.985  1318-3860  [secipm]                system_server                        D  mSecIpmManager Preload com.example.mindshield.debug dex files
2025-07-10 21:59:52.986  1318-3860  ActivityTaskManager     system_server                        D  TaskLaunchParamsModifier:task=null activity=ActivityRecord{39874c4 u0 com.example.mindshield.debug/com.example.mindshield.MainActivity} t-1} display-from-option=0 display-id=0 display-windowing-mode=1 suggested-display-area=DefaultTaskDisplayArea@242797893 inherit-from-source=fullscreen activity-options-fullscreen=Rect(0, 0 - 0, 0) non-freeform-display display-area=DefaultTaskDisplayArea@242797893 maximized-bounds
2025-07-10 21:59:52.990  1318-3860  ActivityTaskManager     system_server                        D  TaskLaunchParamsModifier:task=Task{b42a673 #12882 type=standard A=10519:com.example.mindshield.debug U=0 visible=false visibleRequested=false mode=fullscreen translucent=true sz=0} activity=ActivityRecord{39874c4 u0 com.example.mindshield.debug/com.example.mindshield.MainActivity} t-1} display-from-option=0 display-id=0 display-windowing-mode=1 suggested-display-area=DefaultTaskDisplayArea@242797893 inherit-from-source=fullscreen activity-options-fullscreen=Rect(0, 0 - 0, 0) non-freeform-display display-area=DefaultTaskDisplayArea@242797893 maximized-bounds
2025-07-10 21:59:52.991  3189-3463  AppIconSolution         com.sec.android.app.launcher         I  getThemeIconWithBG called with public API, pkg = com.example.mindshield.debug, mode = 48
2025-07-10 21:59:52.991  1103-1746  SurfaceFlinger          surfaceflinger                       I  id=38599 createSurf, flag=80004, ActivityRecord{39874c4 u0 com.example.mindshield.debug/com.example.mindshield.MainActivity} t12882}#38599
2025-07-10 21:59:52.991  3189-3463  AppIconSolution         com.sec.android.app.launcher         I  return adaptive icon for com.example.mindshield.debug, isNight = true
2025-07-10 21:59:52.991  3189-3463  LauncherActivityInfo    com.sec.android.app.launcher         I  packageName: com.example.mindshield.debug, useThemeIcon: false, height: 288, width: 288, density: 640
2025-07-10 21:59:52.995  1318-3860  WindowManager           system_server                        V  Added starting ActivityRecord{39874c4 u0 com.example.mindshield.debug/com.example.mindshield.MainActivity} t12882}: startingWindow=null startingView=com.android.server.wm.StartingSurfaceController$StartingSurface@9c0ec3a
2025-07-10 21:59:53.002  1103-1175  SurfaceFlinger          surfaceflinger                       I  id=38600 createSurf, flag=80004, 2cbde48 Splash Screen com.example.mindshield.debug#38600
2025-07-10 21:59:53.003  1318-6128  WindowManager           system_server                        V  addWindow: ActivityRecord{39874c4 u0 com.example.mindshield.debug/com.example.mindshield.MainActivity} t12882} startingWindow=Window{2cbde48 u0 Splash Screen com.example.mindshield.debug}
2025-07-10 21:59:53.003  1318-3860  MARsPolicyManager       system_server                        D  onPackageResumedFG pkgName = com.example.mindshield.debug, userId = 0
2025-07-10 21:59:53.004  1318-3860  WindowManagerServiceExt system_server                        D  notifyOccludeChangeNotice: cn=ComponentInfo{com.example.mindshield.debug/com.example.mindshield.MainActivity} occludesParent=true inMultiWindow=false styleFloating=false caller=com.android.server.wm.WindowManagerServiceExt.updateOccludeTargetIfNeeded:1402 com.android.server.wm.DisplayContent.ensureActivitiesVisible:7532 com.android.server.wm.RootWindowContainer.ensureActivitiesVisible:2248 com.android.server.wm.RootWindowContainer.ensureVisibilityAndConfig:2126 com.android.server.wm.ActivityTaskSupervisor.realStartActivityLocked:913 
2025-07-10 21:59:53.004  1318-3860  WindowManager           system_server                        D  rotationForOrientation, orientationSource=ActivityRecord{39874c4 u0 com.example.mindshield.debug/com.example.mindshield.MainActivity} t12882}
2025-07-10 21:59:53.004  1318-3860  WindowManager           system_server                        D  rotationForOrientation, orientationSource=ActivityRecord{39874c4 u0 com.example.mindshield.debug/com.example.mindshield.MainActivity} t12882}
2025-07-10 21:59:53.007  1318-3860  WindowManager           system_server                        D  rotationForOrientation, orientationSource=ActivityRecord{39874c4 u0 com.example.mindshield.debug/com.example.mindshield.MainActivity} t12882}
2025-07-10 21:59:53.008  1318-3860  SGM:PkgDataHelper       system_server                        D  notifyAppCreate(), pkgName: com.example.mindshield.debug, userId: 0, sendRet: true
2025-07-10 21:59:53.008  1318-2345  SGM:FgCheckThread       system_server                        D  onLooperPrepared(), msg: MSG_APP_CREATE, pkgName: com.example.mindshield.debug, userId: 0
2025-07-10 21:59:53.008  1318-3860  ActivityTaskManager     system_server                        D  scheduleTopResumedActivityChanged, onTop=true r=ActivityRecord{39874c4 u0 com.example.mindshield.debug/com.example.mindshield.MainActivity} t12882} caller=com.android.server.wm.ActivityTaskSupervisor.scheduleTopResumedActivityStateIfNeeded:2535 com.android.server.wm.ActivityTaskSupervisor.updateTopResumedActivityIfNeeded:2527 com.android.server.wm.TaskFragment.setResumedActivity:493 com.android.server.wm.TaskFragment.onActivityStateChanged:805 com.android.server.wm.ActivityRecord.setState:6406 com.android.server.wm.Task.minimalResumeActivityLocked:6155 
2025-07-10 21:59:53.008  1318-3860  InputDispatcher         system_server                        D  Focused application(0): ActivityRecord{39874c4 u0 com.example.mindshield.debug/com.example.mindshield.MainActivity} t12882}
2025-07-10 21:59:53.009  2574-2633  InsetsController        com.android.systemui                 D  onStateChanged: InsetsState: {mDisplayFrame=Rect(0, 0 - 1080, 2400), mDisplayCutout=DisplayCutout{insets=Rect(0, 88 - 0, 0) waterfall=Insets{left=0, top=0, right=0, bottom=0} boundingRect={Bounds=[Rect(0, 0 - 0, 0), Rect(512, 0 - 568, 88), Rect(0, 0 - 0, 0), Rect(0, 0 - 0, 0)]} cutoutPathParserInfo={CutoutPathParserInfo{displayWidth=1080 displayHeight=2400 physicalDisplayWidth=1080 physicalDisplayHeight=2400 density={3.0} cutoutSpec={M 0,0 M 0,10.71963616907435 a 9.280363830925644,9.280363830925644 0 1,0 0,18.56072766185129 a 9.280363830925644,9.280363830925644 0 1,0 0,-18.56072766185129 Z @dp} rotation={0} scale={1.0} physicalPixelDisplaySizeRatio={1.0}}}}, mRoundedCorners=RoundedCorners{[RoundedCorner{position=TopLeft, radius=96, center=Point(96, 96)}, RoundedCorner{position=TopRight, radius=96, center=Point(984, 96)}, RoundedCorner{position=BottomRight, radius=96, center=Point(984, 2304)}, RoundedCorner{position=BottomLeft, radius=96, center=Point(96, 2304)}]}  mRoundedCornerFrame=Rect(0, 0 - 1080, 2400), mPrivacyIndicatorBounds=PrivacyIndicatorBounds {static bounds=Rect(948, 0 - 1080, 88) rotation=0}, mSources= { InsetsSource: {mType=ITYPE_STATUS_BAR, mFrame=[0,0][1080,88], mVisible=true, mInsetsRoundedCornerFrame=false}, InsetsSource: {mType=ITYPE_NAVIGATION_BAR, mFrame=[0,2355][1080,2400], mVisible=true, mInsetsRoundedCornerFrame=false}, InsetsSource: {mType=ITYPE_LEFT_GESTURES, mFrame=[0,0][90,2400], mVisible=true, mInsetsRoundedCornerFrame=false}, InsetsSource: {mType=ITYPE_RIGHT_GESTURES, mFrame=[990,0][1080,2400], mVisible=true, mInsetsRoundedCornerFrame=false}, InsetsSource: {mType=ITYPE_TOP_MANDATORY_GESTURES, mFrame=[0,0][1080,124], mVisible=true, mInsetsRoundedCornerFrame=false}, InsetsSource: {mType=ITYPE_BOTTOM_MANDATORY_GESTURES, mFrame=[0,2304][1080,2400], mVisible=true, mInsetsRoundedCornerFrame=false}, InsetsSource: {mType=ITYPE_LEFT_DISPLAY_CUTOUT, mFrame=[0,0][-100000,2400], mVisible=true, mInsetsRoundedCornerFrame=false}, InsetsSource: {mType=ITYPE_TOP_DISPLAY_CUTOUT, mFrame=[0,0][1080,88], mVisible=true, mInsetsRoundedCornerFrame=false}, InsetsSource: {mType=ITYPE_RIGHT_DISPLAY_CUTOUT, mFrame=[100000,0][1080,2400], mVisible=true, mInsetsRoundedCornerFrame=false}, InsetsSource: {mType=ITYPE_BOTTOM_DISPLAY_CUTOUT, mFrame=[0,100000][1080,2400], mVisible=true, mInsetsRoundedCornerFrame=false}, InsetsSource: {mType=ITYPE_TOP_TAPPABLE_ELEMENT, mFrame=[0,0][1080,88], mVisible=true, mInsetsRoundedCornerFrame=false}, InsetsSource: {mType=ITYPE_BOTTOM_TAPPABLE_ELEMENT, mFrame=[0,0][0,0], mVisible=true, mInsetsRoundedCornerFrame=false} } host=Splash Screen com.example.mindshield.debug from=android.view.ViewRootImpl.setView:1732
2025-07-10 21:59:53.009  1318-3860  SGM:FgCheckThread       system_server                        D    sendRunningComponentFocus(), pkgName: com.example.mindshield.debug, userId: 0
2025-07-10 21:59:53.009  1318-2345  SGM:FgCheckThread       system_server                        D  onLooperPrepared(), msg: MSG_TASK_FOCUSED, pkgName: com.example.mindshield.debug, userId: 0
2025-07-10 21:59:53.009  1318-2345  SGM:FgCheckThread       system_server                        D    handleTaskFocused(), pkgName: com.example.mindshield.debug, userID:0
2025-07-10 21:59:53.010  1318-2345  SGM:FgCheckThread       system_server                        D    handleResume(). pkgName: com.example.mindshield.debug, userId: 0, isTunableApp: null
2025-07-10 21:59:53.010  1318-2345  SGM:FgCheckThread       system_server                        D  notifyFocusInOut(). of pkg: com.example.mindshield.debug, type: 4, isTunableApp: false, userId: 0
2025-07-10 21:59:53.012  1318-2523  CoreBackPreview         system_server                        D  Window{2cbde48 u0 Splash Screen com.example.mindshield.debug}: Setting back callback OnBackInvokedCallbackInfo{mCallback=android.window.IOnBackInvokedCallback$Stub$Proxy@fddd9b7, mPriority=0}
2025-07-10 21:59:53.014  1318-6128  WindowManager           system_server                        V  Relayout Window{2cbde48 u0 Splash Screen com.example.mindshield.debug}: viewVisibility=0 req=1080x2400 d0
2025-07-10 21:59:53.014  1103-1746  SurfaceFlinger          surfaceflinger                       I  id=38601 createSurf, flag=40004, Splash Screen com.example.mindshield.debug$_2574#38601
2025-07-10 21:59:53.015  1318-6128  WindowManager           system_server                        D  makeSurface duration=1 name=Splash Screen com.example.mindshield.debug$_2574
2025-07-10 21:59:53.019  2574-2633  InsetsController        com.android.systemui                 D  onStateChanged: InsetsState: {mDisplayFrame=Rect(0, 0 - 1080, 2400), mDisplayCutout=DisplayCutout{insets=Rect(0, 88 - 0, 0) waterfall=Insets{left=0, top=0, right=0, bottom=0} boundingRect={Bounds=[Rect(0, 0 - 0, 0), Rect(512, 0 - 568, 88), Rect(0, 0 - 0, 0), Rect(0, 0 - 0, 0)]} cutoutPathParserInfo={CutoutPathParserInfo{displayWidth=1080 displayHeight=2400 physicalDisplayWidth=1080 physicalDisplayHeight=2400 density={3.0} cutoutSpec={M 0,0 M 0,10.71963616907435 a 9.280363830925644,9.280363830925644 0 1,0 0,18.56072766185129 a 9.280363830925644,9.280363830925644 0 1,0 0,-18.56072766185129 Z @dp} rotation={0} scale={1.0} physicalPixelDisplaySizeRatio={1.0}}}}, mRoundedCorners=RoundedCorners{[RoundedCorner{position=TopLeft, radius=96, center=Point(96, 96)}, RoundedCorner{position=TopRight, radius=96, center=Point(984, 96)}, RoundedCorner{position=BottomRight, radius=96, center=Point(984, 2304)}, RoundedCorner{position=BottomLeft, radius=96, center=Point(96, 2304)}]}  mRoundedCornerFrame=Rect(0, 0 - 1080, 2400), mPrivacyIndicatorBounds=PrivacyIndicatorBounds {static bounds=Rect(948, 0 - 1080, 88) rotation=0}, mSources= { InsetsSource: {mType=ITYPE_STATUS_BAR, mFrame=[0,0][1080,88], mVisible=true, mInsetsRoundedCornerFrame=false}, InsetsSource: {mType=ITYPE_NAVIGATION_BAR, mFrame=[0,2355][1080,2400], mVisible=true, mInsetsRoundedCornerFrame=false}, InsetsSource: {mType=ITYPE_LEFT_GESTURES, mFrame=[0,0][90,2400], mVisible=true, mInsetsRoundedCornerFrame=false}, InsetsSource: {mType=ITYPE_RIGHT_GESTURES, mFrame=[990,0][1080,2400], mVisible=true, mInsetsRoundedCornerFrame=false}, InsetsSource: {mType=ITYPE_TOP_MANDATORY_GESTURES, mFrame=[0,0][1080,124], mVisible=true, mInsetsRoundedCornerFrame=false}, InsetsSource: {mType=ITYPE_BOTTOM_MANDATORY_GESTURES, mFrame=[0,2304][1080,2400], mVisible=true, mInsetsRoundedCornerFrame=false}, InsetsSource: {mType=ITYPE_LEFT_DISPLAY_CUTOUT, mFrame=[0,0][-100000,2400], mVisible=true, mInsetsRoundedCornerFrame=false}, InsetsSource: {mType=ITYPE_TOP_DISPLAY_CUTOUT, mFrame=[0,0][1080,88], mVisible=true, mInsetsRoundedCornerFrame=false}, InsetsSource: {mType=ITYPE_RIGHT_DISPLAY_CUTOUT, mFrame=[100000,0][1080,2400], mVisible=true, mInsetsRoundedCornerFrame=false}, InsetsSource: {mType=ITYPE_BOTTOM_DISPLAY_CUTOUT, mFrame=[0,100000][1080,2400], mVisible=true, mInsetsRoundedCornerFrame=false}, InsetsSource: {mType=ITYPE_TOP_TAPPABLE_ELEMENT, mFrame=[0,0][1080,88], mVisible=true, mInsetsRoundedCornerFrame=false}, InsetsSource: {mType=ITYPE_BOTTOM_TAPPABLE_ELEMENT, mFrame=[0,0][0,0], mVisible=true, mInsetsRoundedCornerFrame=false}, InsetsSource: {mType=ITYPE_IME, mFrame=[0,0][0,0], mVisibleFrame=[0,1374][1080,2400], mVisible=false, mInsetsRoundedCornerFrame=false} } host=Splash Screen com.example.mindshield.debug from=android.view.ViewRootImpl.relayoutWindow:9802
2025-07-10 21:59:53.030  1318-6128  WindowManager           system_server                        D  finishDrawingWindow: Window{2cbde48 u0 Splash Screen com.example.mindshield.debug} mDrawState=DRAW_PENDING seqId=0
2025-07-10 21:59:53.030  1318-6128  WindowManager           system_server                        V  Finishing drawing window Window{2cbde48 u0 Splash Screen com.example.mindshield.debug}: mDrawState=DRAW_PENDING
2025-07-10 21:59:53.030  1318-6128  WindowManager           system_server                        V  Draw state now committed in Window{2cbde48 u0 Splash Screen com.example.mindshield.debug}
2025-07-10 21:59:53.032  1318-1659  WindowManager           system_server                        D  performShow logReadyForDisplay win=Window{2cbde48 u0 Splash Screen com.example.mindshield.debug} mToken.waitingToShow:true isTransitionSet:true
2025-07-10 21:59:53.033 26297-32143 OpenGLRenderer          com.example.mindshield.debug         D  RenderThread::requireGlContext()
2025-07-10 21:59:53.034 26297-32143 AdrenoGLES-0            com.example.mindshield.debug         I  QUALCOMM build                   : 193b2ee, I593c16c433
                                                                                                    Build Date                       : 10/07/21
                                                                                                    OpenGL ES Shader Compiler Version: EV031.32.02.10
                                                                                                    Local Branch                     : Test-lib-SR05432264
                                                                                                    Remote Branch                    : 
                                                                                                    Remote Branch                    : 
                                                                                                    Reconstruct Branch               : 
2025-07-10 21:59:53.034 26297-32143 AdrenoGLES-0            com.example.mindshield.debug         I  Build Config                     : S P 10.0.5 AArch64
2025-07-10 21:59:53.034 26297-32143 AdrenoGLES-0            com.example.mindshield.debug         I  Driver Path                      : /vendor/lib64/egl/libGLESv2_adreno.so
2025-07-10 21:59:53.035  1318-1659  WindowManager           system_server                        D  createAnimationAdapter(): container=Task{b42a673 #12882 type=standard A=10519:com.example.mindshield.debug U=0 visible=true visibleRequested=true mode=fullscreen translucent=false sz=1}
2025-07-10 21:59:53.036  1318-1659  WindowManager           system_server                        V  performShowLocked: mDrawState=HAS_DRAWN in Window{2cbde48 u0 Splash Screen com.example.mindshield.debug}
2025-07-10 21:59:53.037  1318-1659  WindowManager           system_server                        D  	Add container=Task{b42a673 #12882 type=standard A=10519:com.example.mindshield.debug U=0 visible=true visibleRequested=true mode=fullscreen translucent=false sz=1}
2025-07-10 21:59:53.040  1103-1746  SurfaceFlinger          surfaceflinger                       I  id=38606 createSurf, flag=80000, 471a3d7 ActivityRecordInputSink com.example.mindshield.debug/com.example.mindshield.MainActivity#38606
